cargo : warning: `panic` setting is ignored for `bench` profile
At line:1 char:1
+ cargo build 2>&1 | Out-File -FilePath build_output.txt; Get-Content b ...
+ ~~~~~~~~~~~~~~~~
    + CategoryInfo          : NotSpecified: (warning: `panic...`bench` profile:String) [], RemoteException
    + FullyQualifiedErrorId : NativeCommandError
 
warning: `panic` setting is ignored for `test` profile
warning: unused imports: `AtomicPtr` and `AtomicU16`
 --> src\vmm\advanced_io.rs:6:48
  |
6 | use core::sync::atomic::{AtomicU32, AtomicU64, AtomicU16, AtomicU8, AtomicBool, AtomicPtr, Ordering};
  |                                                ^^^^^^^^^                        ^^^^^^^^^
  |
  = note: `#[warn(unused_imports)]` (part of `#[warn(unused)]`) on by default

warning: unused imports: `AtomicPtr` and `AtomicU16`
 --> src\vmm\advanced_memory.rs:6:48
  |
6 | use core::sync::atomic::{AtomicU32, AtomicU64, AtomicU16, AtomicU8, AtomicBool, AtomicPtr, Ordering};
  |                                                ^^^^^^^^^                        ^^^^^^^^^

warning: unused import: `HvError`
 --> src\vmm\disk_image.rs:6:18
  |
6 | use crate::vmm::{HvError, HvResult};
  |                  ^^^^^^^

warning: unused import: `AtomicU32`
  --> src\vmm\dxbc_spirv.rs:11:26
   |
11 | use core::sync::atomic::{AtomicU32, AtomicUsize, Ordering};
   |                          ^^^^^^^^^

warning: unused import: `AtomicPtr`
 --> src\vmm\debug.rs:6:81
  |
6 | use core::sync::atomic::{AtomicU32, AtomicU64, AtomicU16, AtomicU8, AtomicBool, AtomicPtr, Ordering};
  |                                                                                 ^^^^^^^^^

warning: unused imports: `HvError` and `HvResult`
  --> src\vmm\hypercall.rs:10:18
   |
10 | use crate::vmm::{HvError, HvResult};
   |                  ^^^^^^^  ^^^^^^^^

warning: unused imports: `AtomicPtr` and `AtomicU16`
 --> src\vmm\migration.rs:7:48
  |
7 | use core::sync::atomic::{AtomicU32, AtomicU64, AtomicU16, AtomicU8, AtomicBool, AtomicPtr, Ordering};
  |                                                ^^^^^^^^^                        ^^^^^^^^^

warning: unused import: `BootParams`
 --> src\vmm\multiboot2.rs:6:32
  |
6 | use crate::vmm::guest_memory::{BootParams, GuestMemory, MemoryType};
  |                                ^^^^^^^^^^

warning: unused import: `AtomicU64`
  --> src\vmm\msi.rs:20:37
   |
20 | use core::sync::atomic::{AtomicU32, AtomicU64, Ordering};
   |                                     ^^^^^^^^^

warning: unused import: `crate::vmm::HvError`
 --> src\vmm\nvme.rs:6:5
  |
6 | use crate::vmm::HvError;
  |     ^^^^^^^^^^^^^^^^^^^

warning: unused import: `AtomicPtr`
 --> src\vmm\performance.rs:6:81
  |
6 | use core::sync::atomic::{AtomicU32, AtomicU64, AtomicU16, AtomicU8, AtomicBool, AtomicPtr, Ordering};
  |                                                                                 ^^^^^^^^^

warning: unused import: `AtomicU64`
 --> src\vmm\secure_boot.rs:6:37
  |
6 | use core::sync::atomic::{AtomicU32, AtomicU64, AtomicU16, AtomicU8, AtomicBool, Ordering};
  |                                     ^^^^^^^^^

warning: unused imports: `AtomicU32` and `AtomicU64`
  --> src\vmm\svm.rs:18:26
   |
18 | use core::sync::atomic::{AtomicU32, AtomicU64, AtomicUsize, Ordering};
   |                          ^^^^^^^^^  ^^^^^^^^^

warning: unused import: `Npt`
 --> src\vmm\svm_handler.rs:8:62
  |
8 | use crate::vmm::svm::{exit_code, vmcb_ctrl, vmcb_state, Svm, Npt};
  |                                                              ^^^

warning: unused imports: `DescChainElem` and `DescChainIter`
 --> src\vmm\virtio_block.rs:2:32
  |
2 | use crate::vmm::virtio_queue::{DescChainElem, DescChainIter, SplitVirtqueue};
  |                                ^^^^^^^^^^^^^  ^^^^^^^^^^^^^

warning: unused import: `HvResult`
 --> src\vmm\virtio_block.rs:3:27
  |
3 | use crate::vmm::{HvError, HvResult};
  |                           ^^^^^^^^

warning: unexpected `cfg` condition value: `atlas`
   --> src\vmm\virtio_block.rs:277:11
    |
277 |     #[cfg(feature = "atlas")]
    |           ^^^^^^^^^^^^^^^^^
    |
    = note: expected values for `feature` are: `baremetal-bin`, `baremetal-lib`, and `default`
    = help: consider adding `atlas` as a feature in `Cargo.toml`
    = note: see <https://doc.rust-lang.org/nightly/rustc/check-cfg/cargo-specifics.html> for more information about checking conditional configuration
    = note: `#[warn(unexpected_cfgs)]` on by default

warning: unexpected `cfg` condition value: `atlas`
   --> src\vmm\virtio_block.rs:283:15
    |
283 |     #[cfg(not(feature = "atlas"))]
    |               ^^^^^^^^^^^^^^^^^
    |
    = note: expected values for `feature` are: `baremetal-bin`, `baremetal-lib`, and `default`
    = help: consider adding `atlas` as a feature in `Cargo.toml`
    = note: see <https://doc.rust-lang.org/nightly/rustc/check-cfg/cargo-specifics.html> for more information about checking conditional configuration

warning: unused import: `HvResult`
 --> src\vmm\virtio_gpu.rs:8:27
  |
8 | use crate::vmm::{HvError, HvResult};
  |                           ^^^^^^^^

warning: unused imports: `AtomicU16` and `AtomicU32`
 --> src\vmm\virtio_gpu.rs:9:26
  |
9 | use core::sync::atomic::{AtomicU32, AtomicU64, AtomicU8, AtomicU16, Ordering};
  |                          ^^^^^^^^^                       ^^^^^^^^^

warning: unnecessary parentheses around block return value
   --> src\vmm\virtio_gpu.rs:959:9
    |
959 |         (1 << VIRTIO_GPU_F_EDID)
    |         ^                      ^
    |
    = note: `#[warn(unused_parens)]` (part of `#[warn(unused)]`) on by default
help: remove these parentheses
    |
959 -         (1 << VIRTIO_GPU_F_EDID)
959 +         1 << VIRTIO_GPU_F_EDID
    |

warning: unused import: `AtomicU64`
 --> src\vmm\virtio_mmio.rs:2:37
  |
2 | use core::sync::atomic::{AtomicU32, AtomicU64, Ordering};
  |                                     ^^^^^^^^^

warning: unused import: `DescChainElem`
 --> src\vmm\virtio_net.rs:2:32
  |
2 | use crate::vmm::virtio_queue::{DescChainElem, SplitVirtqueue};
  |                                ^^^^^^^^^^^^^

warning: unused import: `HvResult`
 --> src\vmm\virtio_net.rs:3:27
  |
3 | use crate::vmm::{HvError, HvResult};
  |                           ^^^^^^^^

warning: unused import: `AtomicU16`
 --> src\vmm\virtio_net.rs:4:47
  |
4 | use core::sync::atomic::{AtomicU64, AtomicU8, AtomicU16, Ordering};
  |                                               ^^^^^^^^^

warning: unused import: `AtomicU64`
  --> src\vmm\vtd.rs:15:26
   |
15 | use core::sync::atomic::{AtomicU64, AtomicU32, AtomicUsize, Ordering};
   |                          ^^^^^^^^^

warning: unnecessary parentheses around assigned value
   --> src\vmm\vtd.rs:318:19
    |
318 |         self.hi = ((domain_id as u64) << 8);
    |                   ^                       ^
    |
help: remove these parentheses
    |
318 -         self.hi = ((domain_id as u64) << 8);
318 +         self.hi = (domain_id as u64) << 8;
    |

warning: unused import: `AtomicU16`
 --> src\vmm\tps.rs:6:48
  |
6 | use core::sync::atomic::{AtomicU32, AtomicU64, AtomicU16, AtomicU8, AtomicBool, Ordering};
  |                                                ^^^^^^^^^

warning: unnecessary parentheses around assigned value
   --> src\vmm\ept_cache.rs:609:18
    |
609 |         entry |= (6 << 3); // WB
    |                  ^      ^
    |
help: remove these parentheses
    |
609 -         entry |= (6 << 3); // WB
609 +         entry |= 6 << 3; // WB
    |

warning: unused import: `AtomicU16`
 --> src\vmm\live_snap.rs:6:48
  |
6 | use core::sync::atomic::{AtomicU32, AtomicU64, AtomicU16, AtomicU8, AtomicBool, Ordering};
  |                                                ^^^^^^^^^

warning: a method with this name may be added to the standard library in the future
   --> src\vmm\virtio_gpu.rs:480:35
    |
480 |             let chain_len = chain.collect_into(&mut elems);
    |                                   ^^^^^^^^^^^^
    |
    = warning: once this associated item is added to the standard library, the ambiguity may cause an error or change in behavior!
    = note: for more information, see issue #48919 <https://github.com/rust-lang/rust/issues/48919>
    = help: call with fully qualified syntax `virtio_queue::DescChainIter::collect_into(...)` to keep using the current method
    = note: `#[warn(unstable_name_collisions)]` (part of `#[warn(future_incompatible)]`) on by default

warning: a method with this name may be added to the standard library in the future
   --> src\vmm\virtio_gpu.rs:810:35
    |
810 |             let chain_len = chain.collect_into(&mut elems);
    |                                   ^^^^^^^^^^^^
    |
    = warning: once this associated item is added to the standard library, the ambiguity may cause an error or change in behavior!
    = note: for more information, see issue #48919 <https://github.com/rust-lang/rust/issues/48919>
    = help: call with fully qualified syntax `virtio_queue::DescChainIter::collect_into(...)` to keep using the current method

warning: unnecessary `unsafe` block
  --> src\vmm\chase_lev.rs:67:20
   |
67 |         let data = unsafe {
   |                    ^^^^^^ unnecessary `unsafe` block
   |
   = note: `#[warn(unused_unsafe)]` (part of `#[warn(unused)]`) on by default

warning: unused variable: `vec4_type`
   --> src\vmm\dxbc_spirv.rs:751:88
    |
751 |     fn translate_opcode(&mut self, opcode: DxbcOpcode, float_type: u32, int_type: u32, vec4_type: u32) {
    |                                                                                        ^^^^^^^^^
    |
    = note: `#[warn(unused_variables)]` (part of `#[warn(unused)]`) on by default
help: if this is intentional, prefix it with an underscore
    |
751 |     fn translate_opcode(&mut self, opcode: DxbcOpcode, float_type: u32, int_type: u32, _vec4_type: u32) {
    |                                                                                        +
help: you might have meant to pattern match on the similarly named constant `VALKYRIE_ABI_VERSION`
    |
751 -     fn translate_opcode(&mut self, opcode: DxbcOpcode, float_type: u32, int_type: u32, vec4_type: u32) {
751 +     fn translate_opcode(&mut self, opcode: DxbcOpcode, float_type: u32, int_type: u32, VALKYRIE_ABI_VERSION: u32) {
    |

warning: unused variable: `size`
   --> src\vmm\debug.rs:281:47
    |
281 |     pub fn check_watchpoint(&self, addr: u64, size: u8, is_write: bool) -> Option<u64> {
    |                                               ^^^^
    |
help: if this is intentional, prefix it with an underscore
    |
281 |     pub fn check_watchpoint(&self, addr: u64, _size: u8, is_write: bool) -> Option<u64> {
    |                                               +
help: you might have meant to pattern match on the similarly named constant `VIRTIO_CONSOLE_CTRL_PORT`
    |
281 -     pub fn check_watchpoint(&self, addr: u64, size: u8, is_write: bool) -> Option<u64> {
281 +     pub fn check_watchpoint(&self, addr: u64, vmm::VIRTIO_CONSOLE_CTRL_PORT: u8, is_write: bool) -> Option<u64> {
    |

warning: variable does not need to be mutable
    --> src\vmm\enterprise.rs:1042:13
     |
1042 |         let mut violations = 0u32;
     |             ----^^^^^^^^^^
     |             |
     |             help: remove this `mut`
     |
     = note: `#[warn(unused_mut)]` (part of `#[warn(unused)]`) on by default

warning: unused variable: `ctx`
   --> src\vmm\hypercall.rs:208:31
    |
208 |     fn handle_get_time(&self, ctx: &HypercallContext) -> u64 {
    |                               ^^^ help: if this is intentional, prefix it with an underscore: `_ctx`

warning: unused variable: `gen`
   --> src\vmm\ipi.rs:293:13
    |
293 |         let gen = self.tlb_flush_gen.fetch_add(1, Ordering::Release);
    |             ^^^
    |
help: if this is intentional, prefix it with an underscore
    |
293 |         let _gen = self.tlb_flush_gen.fetch_add(1, Ordering::Release);
    |             +
help: you might have meant to pattern match on the similarly named constant `BIOS_REGION_END`
    |
293 -         let gen = self.tlb_flush_gen.fetch_add(1, Ordering::Release);
293 +         let vmm::DmaEngine::map_region::BIOS_REGION_END = self.tlb_flush_gen.fetch_add(1, Ordering::Release);
    |

warning: variable does not need to be mutable
   --> src\vmm\monitoring.rs:309:13
    |
309 |         let mut output = [0u8; 65536];
    |             ----^^^^^^
    |             |
    |             help: remove this `mut`

warning: unused variable: `vmcs_addr`
   --> src\vmm\nested.rs:360:27
    |
360 |     pub fn vmclear(&self, vmcs_addr: u64) -> Result<(), HvError> {
    |                           ^^^^^^^^^
    |
help: if this is intentional, prefix it with an underscore
    |
360 |     pub fn vmclear(&self, _vmcs_addr: u64) -> Result<(), HvError> {
    |                           +
help: you might have meant to pattern match on the similarly named constant `BIOS_REGION_END`
    |
360 -     pub fn vmclear(&self, vmcs_addr: u64) -> Result<(), HvError> {
360 +     pub fn vmclear(&self, vmm::DmaEngine::map_region::BIOS_REGION_END: u64) -> Result<(), HvError> {
    |

warning: unused variable: `vmcs_addr`
   --> src\vmm\nested.rs:367:27
    |
367 |     pub fn vmptrld(&self, vmcs_addr: u64) -> Result<(), HvError> {
    |                           ^^^^^^^^^
    |
help: if this is intentional, prefix it with an underscore
    |
367 |     pub fn vmptrld(&self, _vmcs_addr: u64) -> Result<(), HvError> {
    |                           +
help: you might have meant to pattern match on the similarly named constant `BIOS_REGION_END`
    |
367 -     pub fn vmptrld(&self, vmcs_addr: u64) -> Result<(), HvError> {
367 +     pub fn vmptrld(&self, vmm::DmaEngine::map_region::BIOS_REGION_END: u64) -> Result<(), HvError> {
    |

warning: unused variable: `cqe`
   --> src\vmm\nvme.rs:314:13
    |
314 |         let cqe = NvmeCqe {
    |             ^^^ help: if this is intentional, prefix it with an underscore: `_cqe`

warning: unused variable: `cqid`
   --> src\vmm\nvme.rs:754:13
    |
754 |         let cqid = (cmd.cdw11 >> 16) as u16;
    |             ^^^^
    |
help: if this is intentional, prefix it with an underscore
    |
754 |         let _cqid = (cmd.cdw11 >> 16) as u16;
    |             +
help: you might have meant to pattern match on the similarly named constant `TLB_SHOOTDOWNS`
    |
754 -         let cqid = (cmd.cdw11 >> 16) as u16;
754 +         let vmm::pmu::pmu_event::TLB_SHOOTDOWNS = (cmd.cdw11 >> 16) as u16;
    |

warning: unused variable: `is_io`
   --> src\vmm\pci.rs:232:29
    |
232 |                         let is_io = (mask & 1) != 0;
    |                             ^^^^^ help: if this is intentional, prefix it with an underscore: `_is_io`

warning: unused variable: `vmcs_gpa`
   --> src\vmm\nested_virt.rs:424:29
    |
424 |     pub fn vmxon(&mut self, vmcs_gpa: u64) -> Result<(), HvError> {
    |                             ^^^^^^^^
    |
help: if this is intentional, prefix it with an underscore
    |
424 |     pub fn vmxon(&mut self, _vmcs_gpa: u64) -> Result<(), HvError> {
    |                             +
help: you might have meant to pattern match on the similarly named constant `BIOS_REGION_END`
    |
424 -     pub fn vmxon(&mut self, vmcs_gpa: u64) -> Result<(), HvError> {
424 +     pub fn vmxon(&mut self, vmm::DmaEngine::map_region::BIOS_REGION_END: u64) -> Result<(), HvError> {
    |

warning: variable `combined_targets` is assigned to, but never used
   --> src\vmm\scheduler.rs:691:13
    |
691 |     let mut combined_targets = 0u64;
    |             ^^^^^^^^^^^^^^^^
    |
    = note: consider using `_combined_targets` instead
help: you might have meant to pattern match on the similarly named constant `BIOS_REGION_END`
    |
691 -     let mut combined_targets = 0u64;
691 +     let mut vmm::DmaEngine::map_region::BIOS_REGION_END = 0u64;
    |

warning: unused variable: `signature_data`
   --> src\vmm\secure_boot.rs:276:53
    |
276 |     pub fn verify_signature(&self, hash: &[u8; 32], signature_data: &[u8]) -> Result<(), HvError> {
    |                                                     ^^^^^^^^^^^^^^ help: if this is intentional, prefix it with an underscore: `_signature_data`

warning: variable does not need to be mutable
   --> src\vmm\secure_boot.rs:592:13
    |
592 |         let mut signature = [0u8; 256];
    |             ----^^^^^^^^^
    |             |
    |             help: remove this `mut`

warning: unused variable: `exit_code`
   --> src\vmm\svm_handler.rs:638:51
    |
638 |     fn handle_cr_access(&mut self, svm: &mut Svm, exit_code: u64) {
    |                                                   ^^^^^^^^^
    |
help: if this is intentional, prefix it with an underscore
    |
638 |     fn handle_cr_access(&mut self, svm: &mut Svm, _exit_code: u64) {
    |                                                   +
help: you might have meant to pattern match on the similarly named constant `BIOS_REGION_END`
    |
638 -     fn handle_cr_access(&mut self, svm: &mut Svm, exit_code: u64) {
638 +     fn handle_cr_access(&mut self, svm: &mut Svm, vmm::DmaEngine::map_region::BIOS_REGION_END: u64) {
    |

warning: unused variable: `event_inj`
   --> src\vmm\svm_handler.rs:701:9
    |
701 |     let event_inj = (vector as u64)
    |         ^^^^^^^^^
    |
help: if this is intentional, prefix it with an underscore
    |
701 |     let _event_inj = (vector as u64)
    |         +
help: you might have meant to pattern match on the similarly named constant `BIOS_REGION_END`
    |
701 -     let event_inj = (vector as u64)
701 +     let vmm::DmaEngine::map_region::BIOS_REGION_END = (vector as u64)
    |

warning: unused variable: `code`
   --> src\vmm\svm_handler.rs:780:49
    |
780 |                     SvmExitError::UnhandledExit(code) => {
    |                                                 ^^^^
    |
help: if this is intentional, prefix it with an underscore
    |
780 |                     SvmExitError::UnhandledExit(_code) => {
    |                                                 +
help: you might have meant to pattern match on the similarly named constant `BIOS_REGION_END`
    |
780 -                     SvmExitError::UnhandledExit(code) => {
780 +                     SvmExitError::UnhandledExit(vmm::DmaEngine::map_region::BIOS_REGION_END) => {
    |

warning: unused variable: `len`
   --> src\vmm\tun_backend.rs:239:17
    |
239 |             let len = path.iter().position(|&b| b == 0).unwrap_or(path.len());
    |                 ^^^
    |
help: if this is intentional, prefix it with an underscore
    |
239 |             let _len = path.iter().position(|&b| b == 0).unwrap_or(path.len());
    |                 +
help: you might have meant to pattern match on the similarly named constant `CMD_SIZE`
    |
239 -             let len = path.iter().position(|&b| b == 0).unwrap_or(path.len());
239 +             let valkyrie_gpu_submit_batch::CMD_SIZE = path.iter().position(|&b| b == 0).unwrap_or(path.len());
    |

warning: unused variable: `size`
   --> src\vmm\virtio_block.rs:248:27
    |
248 |     fn try_atlas_allocate(size: usize) -> (*mut u8, bool) {
    |                           ^^^^
    |
help: if this is intentional, prefix it with an underscore
    |
248 |     fn try_atlas_allocate(_size: usize) -> (*mut u8, bool) {
    |                           +
help: you might have meant to pattern match on the similarly named constant `CMD_SIZE`
    |
248 -     fn try_atlas_allocate(size: usize) -> (*mut u8, bool) {
248 +     fn try_atlas_allocate(valkyrie_gpu_submit_batch::CMD_SIZE: usize) -> (*mut u8, bool) {
    |

warning: unused variable: `backend`
   --> src\vmm\virtio_block.rs:304:25
    |
304 |         if let Some(ref backend) = self.file_backend {
    |                         ^^^^^^^ help: if this is intentional, prefix it with an underscore: `_backend`

warning: unused variable: `buf`
   --> src\vmm\virtio_net.rs:305:24
    |
305 |     pub fn read(&self, buf: &mut [u8]) -> usize {
    |                        ^^^ help: if this is intentional, prefix it with an underscore: `_buf`

warning: unused variable: `gdt_base`
   --> src\vmm\vmx.rs:265:30
    |
265 | pub unsafe fn setup_host_tss(gdt_base: u64, tss_selector: u16) {
    |                              ^^^^^^^^
    |
help: if this is intentional, prefix it with an underscore
    |
265 | pub unsafe fn setup_host_tss(_gdt_base: u64, tss_selector: u16) {
    |                              +
help: you might have meant to pattern match on the similarly named constant `BIOS_REGION_END`
    |
265 - pub unsafe fn setup_host_tss(gdt_base: u64, tss_selector: u16) {
265 + pub unsafe fn setup_host_tss(vmm::DmaEngine::map_region::BIOS_REGION_END: u64, tss_selector: u16) {
    |

warning: unused variable: `vaddr`
   --> src\vmm\tlb.rs:605:37
    |
605 |     fn flush_single(&self, cpu: u8, vaddr: u64, pcid: u16) {
    |                                     ^^^^^
    |
help: if this is intentional, prefix it with an underscore
    |
605 |     fn flush_single(&self, cpu: u8, _vaddr: u64, pcid: u16) {
    |                                     +
help: you might have meant to pattern match on the similarly named constant `BIOS_REGION_END`
    |
605 -     fn flush_single(&self, cpu: u8, vaddr: u64, pcid: u16) {
605 +     fn flush_single(&self, cpu: u8, vmm::DmaEngine::map_region::BIOS_REGION_END: u64, pcid: u16) {
    |

warning: variable does not need to be mutable
   --> src\vmm\ept_cache.rs:684:13
    |
684 |         let mut ept_entry = self.build_ept_entry(hpa, 0) | ept_flag::LARGE;
    |             ----^^^^^^^^^
    |             |
    |             help: remove this `mut`

warning: unused variable: `avail_addr`
   --> src\vmm\virtio_mq.rs:401:13
    |
401 |         let avail_addr = self.avail_addr.load(Ordering::Acquire);
    |             ^^^^^^^^^^
    |
help: if this is intentional, prefix it with an underscore
    |
401 |         let _avail_addr = self.avail_addr.load(Ordering::Acquire);
    |             +
help: you might have meant to pattern match on the similarly named constant `BIOS_REGION_END`
    |
401 -         let avail_addr = self.avail_addr.load(Ordering::Acquire);
401 +         let vmm::DmaEngine::map_region::BIOS_REGION_END = self.avail_addr.load(Ordering::Acquire);
    |

warning: unused variable: `i`
   --> src\vmm\virtio_mq.rs:808:13
    |
808 |         for i in 0..queue_pairs {
    |             ^
    |
help: if this is intentional, prefix it with an underscore
    |
808 |         for _i in 0..queue_pairs {
    |             +
help: you might have meant to pattern match on the similarly named constant `TLB_SHOOTDOWNS`
    |
808 -         for i in 0..queue_pairs {
808 +         for vmm::pmu::pmu_event::TLB_SHOOTDOWNS in 0..queue_pairs {
    |

warning: unused variable: `is_write`
   --> src\vmm\vhost_user.rs:507:57
    |
507 |     pub fn process_zero_copy(&self, gpa: u64, len: u64, is_write: bool) -> bool {
    |                                                         ^^^^^^^^ help: if this is intentional, prefix it with an underscore: `_is_write`

warning: unused variable: `index`
   --> src\vmm\vhost_user.rs:675:21
    |
675 |                 let index = payload.vring_state[0].load(Ordering::Acquire) as u16;
    |                     ^^^^^
    |
help: if this is intentional, prefix it with an underscore
    |
675 |                 let _index = payload.vring_state[0].load(Ordering::Acquire) as u16;
    |                     +
help: you might have meant to pattern match on the similarly named constant `TLB_SHOOTDOWNS`
    |
675 -                 let index = payload.vring_state[0].load(Ordering::Acquire) as u16;
675 +                 let vmm::pmu::pmu_event::TLB_SHOOTDOWNS = payload.vring_state[0].load(Ordering::Acquire) as u16;
    |

warning: unused variable: `desc`
   --> src\vmm\ioat_dma.rs:272:13
    |
272 |         let desc = &self.descriptors[head as usize];
    |             ^^^^ help: if this is intentional, prefix it with an underscore: `_desc`

warning: unused variable: `desc_idx`
   --> src\vmm\ioat_dma.rs:259:26
    |
259 |     pub fn submit(&self, desc_idx: u16) -> Result<(), HvError> {
    |                          ^^^^^^^^
    |
help: if this is intentional, prefix it with an underscore
    |
259 |     pub fn submit(&self, _desc_idx: u16) -> Result<(), HvError> {
    |                          +
help: you might have meant to pattern match on the similarly named constant `TLB_SHOOTDOWNS`
    |
259 -     pub fn submit(&self, desc_idx: u16) -> Result<(), HvError> {
259 +     pub fn submit(&self, vmm::pmu::pmu_event::TLB_SHOOTDOWNS: u16) -> Result<(), HvError> {
    |

warning: unused variable: `size`
   --> src\vmm\ioat_dma.rs:573:37
    |
573 |     pub fn find_best_channel(&self, size: u32, priority: u8) -> Option<u8> {
    |                                     ^^^^
    |
help: if this is intentional, prefix it with an underscore
    |
573 |     pub fn find_best_channel(&self, _size: u32, priority: u8) -> Option<u8> {
    |                                     +
help: you might have meant to pattern match on the similarly named constant `VALKYRIE_ABI_VERSION`
    |
573 -     pub fn find_best_channel(&self, size: u32, priority: u8) -> Option<u8> {
573 +     pub fn find_best_channel(&self, VALKYRIE_ABI_VERSION: u32, priority: u8) -> Option<u8> {
    |

warning: unused variable: `priority`
   --> src\vmm\ioat_dma.rs:573:48
    |
573 |     pub fn find_best_channel(&self, size: u32, priority: u8) -> Option<u8> {
    |                                                ^^^^^^^^
    |
help: if this is intentional, prefix it with an underscore
    |
573 |     pub fn find_best_channel(&self, size: u32, _priority: u8) -> Option<u8> {
    |                                                +
help: you might have meant to pattern match on the similarly named constant `VIRTIO_CONSOLE_CTRL_PORT`
    |
573 -     pub fn find_best_channel(&self, size: u32, priority: u8) -> Option<u8> {
573 +     pub fn find_best_channel(&self, size: u32, vmm::VIRTIO_CONSOLE_CTRL_PORT: u8) -> Option<u8> {
    |

warning: unused variable: `mig_idx`
   --> src\vmm\vgpu.rs:682:29
    |
682 |                 if let Some(mig_idx) = gpu.find_available_mig(min_memory) {
    |                             ^^^^^^^
    |
help: if this is intentional, prefix it with an underscore
    |
682 |                 if let Some(_mig_idx) = gpu.find_available_mig(min_memory) {
    |                             +
help: you might have meant to pattern match on the similarly named constant `VIRTIO_CONSOLE_CTRL_PORT`
    |
682 -                 if let Some(mig_idx) = gpu.find_available_mig(min_memory) {
682 +                 if let Some(vmm::VIRTIO_CONSOLE_CTRL_PORT) = gpu.find_available_mig(min_memory) {
    |

warning: variable does not need to be mutable
   --> src\vmm\cbt.rs:637:25
    |
637 |                     let mut change = ChangeRegion::new();
    |                         ----^^^^^^
    |                         |
    |                         help: remove this `mut`

warning: unused variable: `gva`
   --> src\vmm\vmi.rs:901:31
    |
901 | ...                   gva: u64, access_type: u8, vcpu_id: u8) -> Option<u16> {
    |                       ^^^
    |
help: if this is intentional, prefix it with an underscore
    |
901 |                               _gva: u64, access_type: u8, vcpu_id: u8) -> Option<u16> {
    |                               +
help: you might have meant to pattern match on the similarly named constant `BIOS_REGION_END`
    |
901 -                               gva: u64, access_type: u8, vcpu_id: u8) -> Option<u16> {
901 +                               vmm::DmaEngine::map_region::BIOS_REGION_END: u64, access_type: u8, vcpu_id: u8) -> Option<u16> {
    |

warning: unused variable: `vcpu_id`
   --> src\vmm\vmi.rs:901:58
    |
901 | ...                   gva: u64, access_type: u8, vcpu_id: u8) -> Option<u16> {
    |                                                  ^^^^^^^
    |
help: if this is intentional, prefix it with an underscore
    |
901 |                               gva: u64, access_type: u8, _vcpu_id: u8) -> Option<u16> {
    |                                                          +
help: you might have meant to pattern match on the similarly named constant `VIRTIO_CONSOLE_CTRL_PORT`
    |
901 -                               gva: u64, access_type: u8, vcpu_id: u8) -> Option<u16> {
901 +                               gva: u64, access_type: u8, vmm::VIRTIO_CONSOLE_CTRL_PORT: u8) -> Option<u16> {
    |

warning: unused variable: `entry_id`
   --> src\vmm\pmu.rs:842:25
    |
842 |             if let Some(entry_id) = cpu_state.sampling_buffer.add_sample(event, ip, value) {
    |                         ^^^^^^^^
    |
help: if this is intentional, prefix it with an underscore
    |
842 |             if let Some(_entry_id) = cpu_state.sampling_buffer.add_sample(event, ip, value) {
    |                         +
help: you might have meant to pattern match on the similarly named constant `BIOS_REGION_END`
    |
842 -             if let Some(entry_id) = cpu_state.sampling_buffer.add_sample(event, ip, value) {
842 +             if let Some(vmm::DmaEngine::map_region::BIOS_REGION_END) = cpu_state.sampling_buffer.add_sample(event, ip, value) {
    |

warning: unused variable: `flags`
    --> src\vmm\mod.rs:1981:65
     |
1981 |     fn process_desc(&self, dma: &DmaEngine, gpa: u64, len: u32, flags: u32) -> bool {
     |                                                                 ^^^^^
     |
help: if this is intentional, prefix it with an underscore
     |
1981 |     fn process_desc(&self, dma: &DmaEngine, gpa: u64, len: u32, _flags: u32) -> bool {
     |                                                                 +
help: you might have meant to pattern match on the similarly named constant `VALKYRIE_ABI_VERSION`
     |
1981 -     fn process_desc(&self, dma: &DmaEngine, gpa: u64, len: u32, flags: u32) -> bool {
1981 +     fn process_desc(&self, dma: &DmaEngine, gpa: u64, len: u32, VALKYRIE_ABI_VERSION: u32) -> bool {
     |

warning: constant `VIRTIO_F_VERSION_1` is never used
   --> src\vmm\mod.rs:286:7
    |
286 | const VIRTIO_F_VERSION_1: u64 = 1 << 32;          // VirtIO 1.0 protocol
    |       ^^^^^^^^^^^^^^^^^^
    |
    = note: `#[warn(dead_code)]` (part of `#[warn(unused)]`) on by default

warning: constant `VIRTIO_F_RING_INDIRECT_DESC` is never used
   --> src\vmm\mod.rs:287:7
    |
287 | const VIRTIO_F_RING_INDIRECT_DESC: u64 = 1 << 28; // Indirect descriptors
    |       ^^^^^^^^^^^^^^^^^^^^^^^^^^^

warning: constant `VIRTIO_F_RING_EVENT_IDX` is never used
   --> src\vmm\mod.rs:288:7
    |
288 | const VIRTIO_F_RING_EVENT_IDX: u64 = 1 << 29;     // Event idx optimization
    |       ^^^^^^^^^^^^^^^^^^^^^^^

warning: constant `VIRTIO_NET_F_CSUM` is never used
   --> src\vmm\mod.rs:291:7
    |
291 | const VIRTIO_NET_F_CSUM: u64 = 1 << 0;            // Checksum offload
    |       ^^^^^^^^^^^^^^^^^

warning: constant `VIRTIO_NET_F_GUEST_CSUM` is never used
   --> src\vmm\mod.rs:292:7
    |
292 | const VIRTIO_NET_F_GUEST_CSUM: u64 = 1 << 1;     // Guest checksum
    |       ^^^^^^^^^^^^^^^^^^^^^^^

warning: constant `VIRTIO_NET_F_GUEST_TSO4` is never used
   --> src\vmm\mod.rs:293:7
    |
293 | const VIRTIO_NET_F_GUEST_TSO4: u64 = 1 << 7;     // Guest TSO IPv4
    |       ^^^^^^^^^^^^^^^^^^^^^^^

warning: constant `VIRTIO_NET_F_GUEST_TSO6` is never used
   --> src\vmm\mod.rs:294:7
    |
294 | const VIRTIO_NET_F_GUEST_TSO6: u64 = 1 << 8;     // Guest TSO IPv6
    |       ^^^^^^^^^^^^^^^^^^^^^^^

warning: constant `VIRTIO_NET_F_HOST_TSO4` is never used
   --> src\vmm\mod.rs:295:7
    |
295 | const VIRTIO_NET_F_HOST_TSO4: u64 = 1 << 11;     // Host TSO IPv4
    |       ^^^^^^^^^^^^^^^^^^^^^^

warning: constant `VIRTIO_NET_F_HOST_TSO6` is never used
   --> src\vmm\mod.rs:296:7
    |
296 | const VIRTIO_NET_F_HOST_TSO6: u64 = 1 << 12;     // Host TSO IPv6
    |       ^^^^^^^^^^^^^^^^^^^^^^

warning: constant `VIRTIO_BLK_F_SIZE_MAX` is never used
   --> src\vmm\mod.rs:299:7
    |
299 | const VIRTIO_BLK_F_SIZE_MAX: u64 = 1 << 1;        // Max request size
    |       ^^^^^^^^^^^^^^^^^^^^^

warning: constant `VIRTIO_BLK_F_SEG_MAX` is never used
   --> src\vmm\mod.rs:300:7
    |
300 | const VIRTIO_BLK_F_SEG_MAX: u64 = 1 << 2;         // Max segments
    |       ^^^^^^^^^^^^^^^^^^^^

warning: constant `VIRTIO_BLK_F_RO` is never used
   --> src\vmm\mod.rs:301:7
    |
301 | const VIRTIO_BLK_F_RO: u64 = 1 << 5;              // Read-only
    |       ^^^^^^^^^^^^^^^

warning: constant `VIRTIO_BLK_F_FLUSH` is never used
   --> src\vmm\mod.rs:302:7
    |
302 | const VIRTIO_BLK_F_FLUSH: u64 = 1 << 9;           // FLUSH support
    |       ^^^^^^^^^^^^^^^^^^

warning: fields `avail_event_idx`, `used_event_idx`, `irq_pending`, and `irq_coalesce_thresh` are never read
   --> src\vmm\mod.rs:906:5
    |
887 | pub struct VirtioDevice {
    |            ------------ fields in this struct
...
906 |     avail_event_idx: AtomicU16,    // Suppress notifications until idx
    |     ^^^^^^^^^^^^^^^
907 |     used_event_idx: AtomicU16,     // Guest wants notification at idx
    |     ^^^^^^^^^^^^^^
...
910 |     irq_pending: AtomicU32,        // Pending interrupt count
    |     ^^^^^^^^^^^
911 |     irq_coalesce_thresh: AtomicU32, // Coalesce threshold (0 = disabled)
    |     ^^^^^^^^^^^^^^^^^^^

warning: field `last_delivery` is never read
    --> src\vmm\mod.rs:1373:5
     |
1370 | pub struct InterruptCoalescer {
     |            ------------------ field in this struct
...
1373 |     last_delivery: AtomicU64,
     |     ^^^^^^^^^^^^^

warning: constant `VIRTIO_BLK_S_OK` is never used
    --> src\vmm\mod.rs:1799:7
     |
1799 | const VIRTIO_BLK_S_OK: u8 = 0;
     |       ^^^^^^^^^^^^^^^

warning: fields `storage` and `cursor` are never read
    --> src\vmm\mod.rs:1938:5
     |
1937 | pub struct VirtioBlockModel {
     |            ---------------- fields in this struct
1938 |     storage: UnsafeCell<[u8; BLOCK_STORAGE_SIZE]>,
     |     ^^^^^^^
1939 |     cursor: AtomicUsize,
     |     ^^^^^^

warning: method `next_offset` is never used
    --> src\vmm\mod.rs:1958:8
     |
1947 | impl VirtioBlockModel {
     | --------------------- method in this implementation
...
1958 |     fn next_offset(&self, len: usize) -> usize {
     |        ^^^^^^^^^^^

warning: constant `VIRTIO_NET_HDR_F_NEEDS_CSUM` is never used
    --> src\vmm\mod.rs:2074:7
     |
2074 | const VIRTIO_NET_HDR_F_NEEDS_CSUM: u8 = 1; // Partial checksum required
     |       ^^^^^^^^^^^^^^^^^^^^^^^^^^^

warning: constant `VIRTIO_NET_HDR_F_DATA_VALID` is never used
    --> src\vmm\mod.rs:2075:7
     |
2075 | const VIRTIO_NET_HDR_F_DATA_VALID: u8 = 2;  // Checksum already valid
     |       ^^^^^^^^^^^^^^^^^^^^^^^^^^^

warning: constant `VIRTIO_NET_HDR_GSO_NONE` is never used
    --> src\vmm\mod.rs:2078:7
     |
2078 | const VIRTIO_NET_HDR_GSO_NONE: u8 = 0;   // No GSO
     |       ^^^^^^^^^^^^^^^^^^^^^^^

warning: constant `VIRTIO_NET_HDR_GSO_TCPV4` is never used
    --> src\vmm\mod.rs:2079:7
     |
2079 | const VIRTIO_NET_HDR_GSO_TCPV4: u8 = 1;  // TCP Segmentation Offload IPv4
     |       ^^^^^^^^^^^^^^^^^^^^^^^^

warning: constant `VIRTIO_NET_HDR_GSO_UDP` is never used
    --> src\vmm\mod.rs:2080:7
     |
2080 | const VIRTIO_NET_HDR_GSO_UDP: u8 = 3;    // UDP fragmentation offload
     |       ^^^^^^^^^^^^^^^^^^^^^^

warning: constant `VIRTIO_NET_HDR_GSO_TCPV6` is never used
    --> src\vmm\mod.rs:2081:7
     |
2081 | const VIRTIO_NET_HDR_GSO_TCPV6: u8 = 4;  // TSO IPv6
     |       ^^^^^^^^^^^^^^^^^^^^^^^^

warning: field `speed_mbps` is never read
    --> src\vmm\mod.rs:2416:5
     |
2413 | pub struct NetworkLinkStatus {
     |            ----------------- field in this struct
...
2416 |     speed_mbps: AtomicU32,
     |     ^^^^^^^^^^

warning: field `enabled` is never read
    --> src\vmm\mod.rs:2478:5
     |
2472 | pub struct ConsolePort {
     |            ----------- field in this struct
...
2478 |     enabled: AtomicU8,
     |     ^^^^^^^

warning: constant `VIRTIO_CONSOLE_CTRL_PORT` is never used
    --> src\vmm\mod.rs:2602:7
     |
2602 | const VIRTIO_CONSOLE_CTRL_PORT: u8 = 10;
     |       ^^^^^^^^^^^^^^^^^^^^^^^^

warning: field `balloon_pages` is never read
  --> src\vmm\balloon.rs:68:5
   |
64 | pub struct BalloonDriver {
   |            ------------- field in this struct
...
68 |     balloon_pages: [AtomicU64; 1024], // First 1024 pages as sample
   |     ^^^^^^^^^^^^^

warning: associated function `nibble_to_hex` is never used
   --> src\vmm\debug.rs:453:8
    |
197 | impl GdbStubState {
    | ----------------- associated function in this implementation
...
453 |     fn nibble_to_hex(n: u8) -> u8 {
    |        ^^^^^^^^^^^^^

warning: methods `validate_checksum`, `parse_pe_entry`, and `determine_entry_point` are never used
   --> src\vmm\game_bridge.rs:867:8
    |
602 | impl GamingBridge {
    | ----------------- methods in this implementation
...
867 |     fn validate_checksum(&self) -> bool {
    |        ^^^^^^^^^^^^^^^^^
...
940 |     fn parse_pe_entry(&self) -> u64 {
    |        ^^^^^^^^^^^^^^
...
980 |     fn determine_entry_point(&self) -> u64 {
    |        ^^^^^^^^^^^^^^^^^^^^^

warning: constant `WIN_TUN_TYPE` is never used
   --> src\vmm\tun_backend.rs:197:15
    |
197 |         const WIN_TUN_TYPE: u32 = 1; // WintunAdapter
    |               ^^^^^^^^^^^^

warning: constant `WIN_TUN_LUID` is never used
   --> src\vmm\tun_backend.rs:198:15
    |
198 |         const WIN_TUN_LUID: u64 = 0; // Let system assign
    |               ^^^^^^^^^^^^

warning: associated function `allocate_from_atlas` is never used
   --> src\vmm\virtio_block.rs:284:8
    |
202 | impl BlockStorage {
    | ----------------- associated function in this implementation
...
284 |     fn allocate_from_atlas(_size: usize) -> Option<*mut u8> {
    |        ^^^^^^^^^^^^^^^^^^^

warning: fields `cursor_id`, `x`, `y`, `width`, and `height` are never read
   --> src\vmm\virtio_gpu.rs:105:5
    |
104 | struct CursorParams {
    |        ------------ fields in this struct
105 |     cursor_id: u32,
    |     ^^^^^^^^^
...
109 |     x: u32,
    |     ^
110 |     y: u32,
    |     ^
111 |     width: u32,
    |     ^^^^^
112 |     height: u32,
    |     ^^^^^^

warning: field `resource_id` is never read
   --> src\vmm\virtio_gpu.rs:215:5
    |
213 | struct SetScanoutParams {
    |        ---------------- field in this struct
214 |     scanout_id: u32,
215 |     resource_id: u32,
    |     ^^^^^^^^^^^

warning: fields `resource_id`, `x`, `y`, `width`, `height`, and `offset` are never read
   --> src\vmm\virtio_gpu.rs:241:5
    |
240 | struct TransferParams {
    |        -------------- fields in this struct
241 |     resource_id: u32,
    |     ^^^^^^^^^^^
242 |     x: u32,
    |     ^
243 |     y: u32,
    |     ^
244 |     width: u32,
    |     ^^^^^
245 |     height: u32,
    |     ^^^^^^
246 |     offset: u64,
    |     ^^^^^^

warning: field `entries` is never read
   --> src\vmm\virtio_gpu.rs:253:5
    |
250 | struct AttachBackingParams {
    |        ------------------- field in this struct
...
253 |     entries: [BackingEntry; 8],
    |     ^^^^^^^

warning: fields `addr`, `length`, and `padding` are never read
   --> src\vmm\virtio_gpu.rs:259:5
    |
258 | struct BackingEntry {
    |        ------------ fields in this struct
259 |     addr: u64,
    |     ^^^^
260 |     length: u32,
    |     ^^^^^^
261 |     padding: u32,
    |     ^^^^^^^
    |
    = note: `BackingEntry` has a derived impl for the trait `Clone`, but this is intentionally ignored during dead code analysis

warning: creating a mutable reference to mutable static
   --> src\vmm\virtio_block.rs:267:23
    |
267 |             unsafe { (STORAGE.as_mut_ptr(), true) }
    |                       ^^^^^^^^^^^^^^^^^^^^ mutable reference to mutable static
    |
    = note: for more information, see <https://doc.rust-lang.org/edition-guide/rust-2024/static-mut-references.html>
    = note: mutable references to mutable statics are dangerous; it's undefined behavior if any other pointer to the static is used or if any other reference is created for the static while the 
mutable reference lives
    = note: `#[warn(static_mut_refs)]` (part of `#[warn(rust_2024_compatibility)]`) on by default

warning: creating a mutable reference to mutable static
   --> src\vmm\vmx.rs:270:5
    |
270 |     HOST_TSS.set_rsp0(stack_top);
    |     ^^^^^^^^^^^^^^^^^^^^^^^^^^^^ mutable reference to mutable static
    |
    = note: for more information, see <https://doc.rust-lang.org/edition-guide/rust-2024/static-mut-references.html>
    = note: mutable references to mutable statics are dangerous; it's undefined behavior if any other pointer to the static is used or if any other reference is created for the static while the 
mutable reference lives

warning: creating a mutable reference to mutable static
   --> src\vmm\vmx.rs:273:5
    |
273 |     HOST_TSS.set_ist(1, stack_top); // IST1 for NMI
    |     ^^^^^^^^^^^^^^^^^^^^^^^^^^^^^^ mutable reference to mutable static
    |
    = note: for more information, see <https://doc.rust-lang.org/edition-guide/rust-2024/static-mut-references.html>
    = note: mutable references to mutable statics are dangerous; it's undefined behavior if any other pointer to the static is used or if any other reference is created for the static while the 
mutable reference lives

warning: creating a mutable reference to mutable static
   --> src\vmm\vmx.rs:274:5
    |
274 |     HOST_TSS.set_ist(2, stack_top); // IST2 for double fault
    |     ^^^^^^^^^^^^^^^^^^^^^^^^^^^^^^ mutable reference to mutable static
    |
    = note: for more information, see <https://doc.rust-lang.org/edition-guide/rust-2024/static-mut-references.html>
    = note: mutable references to mutable statics are dangerous; it's undefined behavior if any other pointer to the static is used or if any other reference is created for the static while the 
mutable reference lives

warning: creating a shared reference to mutable static
   --> src\vmm\vmx.rs:286:40
    |
286 |     let _ = vmwrite(VMCS_HOST_TR_BASE, &HOST_TSS as *const _ as u64);
    |                                        ^^^^^^^^^ shared reference to mutable static
    |
    = note: for more information, see <https://doc.rust-lang.org/edition-guide/rust-2024/static-mut-references.html>
    = note: shared references to mutable statics are dangerous; it's undefined behavior if the static is mutated or if a mutable reference is created for it while the shared reference lives
help: use `&raw const` instead to create a raw pointer
    |
286 |     let _ = vmwrite(VMCS_HOST_TR_BASE, &raw const HOST_TSS as *const _ as u64);
    |                                         +++++++++

warning: creating a shared reference to mutable static
   --> src\vmm\vmx.rs:292:14
    |
292 |     unsafe { &HOST_TSS }
    |              ^^^^^^^^^ shared reference to mutable static
    |
    = note: for more information, see <https://doc.rust-lang.org/edition-guide/rust-2024/static-mut-references.html>
    = note: shared references to mutable statics are dangerous; it's undefined behavior if the static is mutated or if a mutable reference is created for it while the shared reference lives
help: use `&raw const` instead to create a raw pointer
    |
292 |     unsafe { &raw const HOST_TSS }
    |               +++++++++

warning: creating a mutable reference to mutable static
   --> src\vmm\vmx.rs:297:14
    |
297 |     unsafe { &mut HOST_TSS }
    |              ^^^^^^^^^^^^^ mutable reference to mutable static
    |
    = note: for more information, see <https://doc.rust-lang.org/edition-guide/rust-2024/static-mut-references.html>
    = note: mutable references to mutable statics are dangerous; it's undefined behavior if any other pointer to the static is used or if any other reference is created for the static while the 
mutable reference lives
help: use `&raw mut` instead to create a raw pointer
    |
297 |     unsafe { &raw mut HOST_TSS }
    |               +++

warning: creating a shared reference to mutable static
   --> src\vmm\vram_map.rs:347:14
    |
347 |     unsafe { &VRAM_POOL }
    |              ^^^^^^^^^^ shared reference to mutable static
    |
    = note: for more information, see <https://doc.rust-lang.org/edition-guide/rust-2024/static-mut-references.html>
    = note: shared references to mutable statics are dangerous; it's undefined behavior if the static is mutated or if a mutable reference is created for it while the shared reference lives
help: use `&raw const` instead to create a raw pointer
    |
347 |     unsafe { &raw const VRAM_POOL }
    |               +++++++++

warning: creating a mutable reference to mutable static
   --> src\vmm\vram_map.rs:352:14
    |
352 |     unsafe { &mut VRAM_POOL }
    |              ^^^^^^^^^^^^^^ mutable reference to mutable static
    |
    = note: for more information, see <https://doc.rust-lang.org/edition-guide/rust-2024/static-mut-references.html>
    = note: mutable references to mutable statics are dangerous; it's undefined behavior if any other pointer to the static is used or if any other reference is created for the static while the 
mutable reference lives
help: use `&raw mut` instead to create a raw pointer
    |
352 |     unsafe { &raw mut VRAM_POOL }
    |               +++

warning: creating a shared reference to mutable static
   --> src\vmm\vram_map.rs:453:14
    |
453 |     unsafe { &P2P_MANAGER }
    |              ^^^^^^^^^^^^ shared reference to mutable static
    |
    = note: for more information, see <https://doc.rust-lang.org/edition-guide/rust-2024/static-mut-references.html>
    = note: shared references to mutable statics are dangerous; it's undefined behavior if the static is mutated or if a mutable reference is created for it while the shared reference lives
help: use `&raw const` instead to create a raw pointer
    |
453 |     unsafe { &raw const P2P_MANAGER }
    |               +++++++++

warning: creating a mutable reference to mutable static
   --> src\vmm\vram_map.rs:457:14
    |
457 |     unsafe { &mut P2P_MANAGER }
    |              ^^^^^^^^^^^^^^^^ mutable reference to mutable static
    |
    = note: for more information, see <https://doc.rust-lang.org/edition-guide/rust-2024/static-mut-references.html>
    = note: mutable references to mutable statics are dangerous; it's undefined behavior if any other pointer to the static is used or if any other reference is created for the static while the 
mutable reference lives
help: use `&raw mut` instead to create a raw pointer
    |
457 |     unsafe { &raw mut P2P_MANAGER }
    |               +++

warning: creating a shared reference to mutable static
   --> src\vmm\vtd.rs:843:30
    |
843 |     let irte_addr = unsafe { &IRTE as *const InterruptRemappingTable as u64 };
    |                              ^^^^^ shared reference to mutable static
    |
    = note: for more information, see <https://doc.rust-lang.org/edition-guide/rust-2024/static-mut-references.html>
    = note: shared references to mutable statics are dangerous; it's undefined behavior if the static is mutated or if a mutable reference is created for it while the shared reference lives
help: use `&raw const` instead to create a raw pointer
    |
843 |     let irte_addr = unsafe { &raw const IRTE as *const InterruptRemappingTable as u64 };
    |                               +++++++++

warning: unused `Result` that must be used
   --> src\vmm\hvi.rs:658:17
    |
658 | /                 self.log_event(
659 | |                     hvi_event::INTEGRITY_VIOLATION,
660 | |                     alert_level::CRITICAL,
661 | |                     region.hpa_start.load(Ordering::Acquire),
...   |
664 | |                     i as u32
665 | |                 );
    | |_________________^
    |
    = note: this `Result` may be an `Err` variant, which should be handled
    = note: `#[warn(unused_must_use)]` (part of `#[warn(unused)]`) on by default
help: use `let _ = ...` to ignore the resulting value
    |
658 |                 let _ = self.log_event(
    |                 +++++++

warning: unused `Result` that must be used
   --> src\vmm\hvi.rs:685:17
    |
685 | /                 self.log_event(
686 | |                     hvi_event::CHECK_FAILED,
687 | |                     alert_level::CRITICAL,
688 | |                     check.target_addr.load(Ordering::Acquire),
...   |
691 | |                     i as u32
692 | |                 );
    | |_________________^
    |
    = note: this `Result` may be an `Err` variant, which should be handled
help: use `let _ = ...` to ignore the resulting value
    |
685 |                 let _ = self.log_event(
    |                 +++++++

warning: unused `Result` that must be used
   --> src\vmm\numaio.rs:573:9
    |
573 |         policy.add_device(device_id);
    |         ^^^^^^^^^^^^^^^^^^^^^^^^^^^^
    |
    = note: this `Result` may be an `Err` variant, which should be handled
help: use `let _ = ...` to ignore the resulting value
    |
573 |         let _ = policy.add_device(device_id);
    |         +++++++

warning: `valkyrie_v` (lib) generated 125 warnings (run `cargo fix --lib -p valkyrie_v` to apply 59 suggestions)
    Finished `dev` profile [unoptimized + debuginfo] target(s) in 0.45s
