cargo : warning: `panic` setting is ignored for `bench` profile
At line:1 char:1
+ cargo test --lib 2>&1 | Out-File -FilePath test_output.txt; Get-Conte ...
+ ~~~~~~~~~~~~~~~~~~~~~
    + CategoryInfo          : NotSpecified: (warning: `panic...`bench` profile:String) [], RemoteException
    + FullyQualifiedErrorId : NativeCommandError
 
warning: `panic` setting is ignored for `test` profile
warning: unused imports: `AtomicPtr` and `AtomicU16`
 --> src\vmm\advanced_io.rs:6:48
  |
6 | use core::sync::atomic::{AtomicU32, AtomicU64, AtomicU16, AtomicU8, AtomicBool, AtomicPtr, Ordering};
  |                                                ^^^^^^^^^                        ^^^^^^^^^
  |
  = note: `#[warn(unused_imports)]` (part of `#[warn(unused)]`) on by default

warning: unused imports: `AtomicPtr` and `AtomicU16`
 --> src\vmm\advanced_memory.rs:6:48
  |
6 | use core::sync::atomic::{AtomicU32, AtomicU64, AtomicU16, AtomicU8, AtomicBool, AtomicPtr, Ordering};
  |                                                ^^^^^^^^^                        ^^^^^^^^^

warning: unused import: `HvError`
 --> src\vmm\disk_image.rs:6:18
  |
6 | use crate::vmm::{HvError, HvResult};
  |                  ^^^^^^^

warning: unused import: `AtomicU32`
  --> src\vmm\dxbc_spirv.rs:11:26
   |
11 | use core::sync::atomic::{AtomicU32, AtomicUsize, Ordering};
   |                          ^^^^^^^^^

warning: unused import: `AtomicPtr`
 --> src\vmm\debug.rs:6:81
  |
6 | use core::sync::atomic::{AtomicU32, AtomicU64, AtomicU16, AtomicU8, AtomicBool, AtomicPtr, Ordering};
  |                                                                                 ^^^^^^^^^

warning: unused imports: `HvError` and `HvResult`
  --> src\vmm\hypercall.rs:10:18
   |
10 | use crate::vmm::{HvError, HvResult};
   |                  ^^^^^^^  ^^^^^^^^

warning: unused imports: `AtomicPtr` and `AtomicU16`
 --> src\vmm\migration.rs:7:48
  |
7 | use core::sync::atomic::{AtomicU32, AtomicU64, AtomicU16, AtomicU8, AtomicBool, AtomicPtr, Ordering};
  |                                                ^^^^^^^^^                        ^^^^^^^^^

warning: unused import: `BootParams`
 --> src\vmm\multiboot2.rs:6:32
  |
6 | use crate::vmm::guest_memory::{BootParams, GuestMemory, MemoryType};
  |                                ^^^^^^^^^^

warning: unused import: `AtomicU64`
  --> src\vmm\msi.rs:20:37
   |
20 | use core::sync::atomic::{AtomicU32, AtomicU64, Ordering};
   |                                     ^^^^^^^^^

warning: unused import: `crate::vmm::HvError`
 --> src\vmm\nvme.rs:6:5
  |
6 | use crate::vmm::HvError;
  |     ^^^^^^^^^^^^^^^^^^^

warning: unused import: `AtomicPtr`
 --> src\vmm\performance.rs:6:81
  |
6 | use core::sync::atomic::{AtomicU32, AtomicU64, AtomicU16, AtomicU8, AtomicBool, AtomicPtr, Ordering};
  |                                                                                 ^^^^^^^^^

warning: unused import: `AtomicU64`
 --> src\vmm\secure_boot.rs:6:37
  |
6 | use core::sync::atomic::{AtomicU32, AtomicU64, AtomicU16, AtomicU8, AtomicBool, Ordering};
  |                                     ^^^^^^^^^

warning: unused imports: `AtomicU32` and `AtomicU64`
  --> src\vmm\svm.rs:18:26
   |
18 | use core::sync::atomic::{AtomicU32, AtomicU64, AtomicUsize, Ordering};
   |                          ^^^^^^^^^  ^^^^^^^^^

warning: unused import: `Npt`
 --> src\vmm\svm_handler.rs:8:62
  |
8 | use crate::vmm::svm::{exit_code, vmcb_ctrl, vmcb_state, Svm, Npt};
  |                                                              ^^^

warning: unused imports: `DescChainElem` and `DescChainIter`
 --> src\vmm\virtio_block.rs:2:32
  |
2 | use crate::vmm::virtio_queue::{DescChainElem, DescChainIter, SplitVirtqueue};
  |                                ^^^^^^^^^^^^^  ^^^^^^^^^^^^^

warning: unused import: `HvResult`
 --> src\vmm\virtio_block.rs:3:27
  |
3 | use crate::vmm::{HvError, HvResult};
  |                           ^^^^^^^^

warning: unexpected `cfg` condition value: `atlas`
   --> src\vmm\virtio_block.rs:277:11
    |
277 |     #[cfg(feature = "atlas")]
    |           ^^^^^^^^^^^^^^^^^
    |
    = note: expected values for `feature` are: `baremetal-bin`, `baremetal-lib`, and `default`
    = help: consider adding `atlas` as a feature in `Cargo.toml`
    = note: see <https://doc.rust-lang.org/nightly/rustc/check-cfg/cargo-specifics.html> for more information about checking conditional configuration
    = note: `#[warn(unexpected_cfgs)]` on by default

warning: unexpected `cfg` condition value: `atlas`
   --> src\vmm\virtio_block.rs:283:15
    |
283 |     #[cfg(not(feature = "atlas"))]
    |               ^^^^^^^^^^^^^^^^^
    |
    = note: expected values for `feature` are: `baremetal-bin`, `baremetal-lib`, and `default`
    = help: consider adding `atlas` as a feature in `Cargo.toml`
    = note: see <https://doc.rust-lang.org/nightly/rustc/check-cfg/cargo-specifics.html> for more information about checking conditional configuration

warning: unused import: `HvResult`
 --> src\vmm\virtio_gpu.rs:8:27
  |
8 | use crate::vmm::{HvError, HvResult};
  |                           ^^^^^^^^

warning: unused imports: `AtomicU16` and `AtomicU32`
 --> src\vmm\virtio_gpu.rs:9:26
  |
9 | use core::sync::atomic::{AtomicU32, AtomicU64, AtomicU8, AtomicU16, Ordering};
  |                          ^^^^^^^^^                       ^^^^^^^^^

warning: unnecessary parentheses around block return value
   --> src\vmm\virtio_gpu.rs:966:9
    |
966 |         (1 << VIRTIO_GPU_F_EDID)
    |         ^                      ^
    |
    = note: `#[warn(unused_parens)]` (part of `#[warn(unused)]`) on by default
help: remove these parentheses
    |
966 -         (1 << VIRTIO_GPU_F_EDID)
966 +         1 << VIRTIO_GPU_F_EDID
    |

warning: unused import: `AtomicU64`
 --> src\vmm\virtio_mmio.rs:2:37
  |
2 | use core::sync::atomic::{AtomicU32, AtomicU64, Ordering};
  |                                     ^^^^^^^^^

warning: unused import: `DescChainElem`
 --> src\vmm\virtio_net.rs:2:32
  |
2 | use crate::vmm::virtio_queue::{DescChainElem, SplitVirtqueue};
  |                                ^^^^^^^^^^^^^

warning: unused import: `HvResult`
 --> src\vmm\virtio_net.rs:3:27
  |
3 | use crate::vmm::{HvError, HvResult};
  |                           ^^^^^^^^

warning: unused import: `AtomicU16`
 --> src\vmm\virtio_net.rs:4:47
  |
4 | use core::sync::atomic::{AtomicU64, AtomicU8, AtomicU16, Ordering};
  |                                               ^^^^^^^^^

warning: unused import: `Ordering`
 --> src\vmm\vmx.rs:5:37
  |
5 | use core::sync::atomic::{AtomicU32, Ordering};
  |                                     ^^^^^^^^

warning: unused import: `AtomicU64`
  --> src\vmm\vtd.rs:15:26
   |
15 | use core::sync::atomic::{AtomicU64, AtomicU32, AtomicUsize, Ordering};
   |                          ^^^^^^^^^

warning: unnecessary parentheses around assigned value
   --> src\vmm\vtd.rs:318:19
    |
318 |         self.hi = ((domain_id as u64) << 8);
    |                   ^                       ^
    |
help: remove these parentheses
    |
318 -         self.hi = ((domain_id as u64) << 8);
318 +         self.hi = (domain_id as u64) << 8;
    |

warning: unused import: `AtomicU16`
 --> src\vmm\tps.rs:6:48
  |
6 | use core::sync::atomic::{AtomicU32, AtomicU64, AtomicU16, AtomicU8, AtomicBool, Ordering};
  |                                                ^^^^^^^^^

warning: unnecessary parentheses around assigned value
   --> src\vmm\ept_cache.rs:621:18
    |
621 |         entry |= (6 << 3); // WB
    |                  ^      ^
    |
help: remove these parentheses
    |
621 -         entry |= (6 << 3); // WB
621 +         entry |= 6 << 3; // WB
    |

warning: unused import: `AtomicU16`
 --> src\vmm\live_snap.rs:6:48
  |
6 | use core::sync::atomic::{AtomicU32, AtomicU64, AtomicU16, AtomicU8, AtomicBool, Ordering};
  |                                                ^^^^^^^^^

warning: unnecessary parentheses around method argument
    --> src\vmm\vmi.rs:1122:45
     |
1122 |         ctrl.add_region(1, 0x1000000, 4096, (1 << bp_type::WRITE)).unwrap();
     |                                             ^                   ^
     |
help: remove these parentheses
     |
1122 -         ctrl.add_region(1, 0x1000000, 4096, (1 << bp_type::WRITE)).unwrap();
1122 +         ctrl.add_region(1, 0x1000000, 4096, 1 << bp_type::WRITE).unwrap();
     |

warning: a method with this name may be added to the standard library in the future
   --> src\vmm\virtio_gpu.rs:487:35
    |
487 |             let chain_len = chain.collect_into(&mut elems);
    |                                   ^^^^^^^^^^^^
    |
    = warning: once this associated item is added to the standard library, the ambiguity may cause an error or change in behavior!
    = note: for more information, see issue #48919 <https://github.com/rust-lang/rust/issues/48919>
    = help: call with fully qualified syntax `virtio_queue::DescChainIter::collect_into(...)` to keep using the current method
    = note: `#[warn(unstable_name_collisions)]` (part of `#[warn(future_incompatible)]`) on by default

warning: a method with this name may be added to the standard library in the future
   --> src\vmm\virtio_gpu.rs:817:35
    |
817 |             let chain_len = chain.collect_into(&mut elems);
    |                                   ^^^^^^^^^^^^
    |
    = warning: once this associated item is added to the standard library, the ambiguity may cause an error or change in behavior!
    = note: for more information, see issue #48919 <https://github.com/rust-lang/rust/issues/48919>
    = help: call with fully qualified syntax `virtio_queue::DescChainIter::collect_into(...)` to keep using the current method

warning: unnecessary `unsafe` block
  --> src\vmm\chase_lev.rs:67:20
   |
67 |         let data = unsafe {
   |                    ^^^^^^ unnecessary `unsafe` block
   |
   = note: `#[warn(unused_unsafe)]` (part of `#[warn(unused)]`) on by default

warning: unused variable: `vec4_type`
   --> src\vmm\dxbc_spirv.rs:751:88
    |
751 |     fn translate_opcode(&mut self, opcode: DxbcOpcode, float_type: u32, int_type: u32, vec4_type: u32) {
    |                                                                                        ^^^^^^^^^
    |
    = note: `#[warn(unused_variables)]` (part of `#[warn(unused)]`) on by default
help: if this is intentional, prefix it with an underscore
    |
751 |     fn translate_opcode(&mut self, opcode: DxbcOpcode, float_type: u32, int_type: u32, _vec4_type: u32) {
    |                                                                                        +
help: you might have meant to pattern match on the similarly named constant `FENCE_ID`
    |
751 -     fn translate_opcode(&mut self, opcode: DxbcOpcode, float_type: u32, int_type: u32, vec4_type: u32) {
751 +     fn translate_opcode(&mut self, opcode: DxbcOpcode, float_type: u32, int_type: u32, tests::submit_batch_and_flush_fence_completion_poll::FENCE_ID: u32) {
    |

warning: unused variable: `pod_id`
   --> src\vmm\cloud.rs:797:13
    |
797 |         let pod_id = k8s.create_pod(0x11111111, 0x22222222, 0x33333333).unwrap();
    |             ^^^^^^
    |
help: if this is intentional, prefix it with an underscore
    |
797 |         let _pod_id = k8s.create_pod(0x11111111, 0x22222222, 0x33333333).unwrap();
    |             +
help: you might have meant to pattern match on the similarly named constant `TLB_SHOOTDOWNS`
    |
797 -         let pod_id = k8s.create_pod(0x11111111, 0x22222222, 0x33333333).unwrap();
797 +         let vmm::pmu::pmu_event::TLB_SHOOTDOWNS = k8s.create_pod(0x11111111, 0x22222222, 0x33333333).unwrap();
    |

warning: unused variable: `idx`
   --> src\vmm\cloud.rs:817:13
    |
817 |         let idx = cri.create_container(0x11111111, 0x22222222, 0x33333333).unwrap();
    |             ^^^
    |
help: if this is intentional, prefix it with an underscore
    |
817 |         let _idx = cri.create_container(0x11111111, 0x22222222, 0x33333333).unwrap();
    |             +
help: you might have meant to pattern match on the similarly named constant `TLB_SHOOTDOWNS`
    |
817 -         let idx = cri.create_container(0x11111111, 0x22222222, 0x33333333).unwrap();
817 +         let vmm::pmu::pmu_event::TLB_SHOOTDOWNS = cri.create_container(0x11111111, 0x22222222, 0x33333333).unwrap();
    |

warning: unused variable: `size`
   --> src\vmm\debug.rs:281:47
    |
281 |     pub fn check_watchpoint(&self, addr: u64, size: u8, is_write: bool) -> Option<u64> {
    |                                               ^^^^
    |
help: if this is intentional, prefix it with an underscore
    |
281 |     pub fn check_watchpoint(&self, addr: u64, _size: u8, is_write: bool) -> Option<u64> {
    |                                               +
help: you might have meant to pattern match on the similarly named constant `VIRTIO_CONSOLE_CTRL_PORT`
    |
281 -     pub fn check_watchpoint(&self, addr: u64, size: u8, is_write: bool) -> Option<u64> {
281 +     pub fn check_watchpoint(&self, addr: u64, vmm::VIRTIO_CONSOLE_CTRL_PORT: u8, is_write: bool) -> Option<u64> {
    |

warning: variable does not need to be mutable
    --> src\vmm\enterprise.rs:1042:13
     |
1042 |         let mut violations = 0u32;
     |             ----^^^^^^^^^^
     |             |
     |             help: remove this `mut`
     |
     = note: `#[warn(unused_mut)]` (part of `#[warn(unused)]`) on by default

warning: unused variable: `id`
    --> src\vmm\enterprise.rs:1107:13
     |
1107 |         let id = ctrl.create_backup(1, backup_type::FULL, 0).unwrap();
     |             ^^
     |
help: if this is intentional, prefix it with an underscore
     |
1107 |         let _id = ctrl.create_backup(1, backup_type::FULL, 0).unwrap();
     |             +
help: you might have meant to pattern match on the similarly named constant `FENCE_ID`
     |
1107 -         let id = ctrl.create_backup(1, backup_type::FULL, 0).unwrap();
1107 +         let tests::submit_batch_and_flush_fence_completion_poll::FENCE_ID = ctrl.create_backup(1, backup_type::FULL, 0).unwrap();
     |

warning: unused variable: `id`
    --> src\vmm\enterprise.rs:1116:13
     |
1116 |         let id = ctrl.create_schedule(1, backup_type::INCREMENTAL, 60).unwrap();
     |             ^^
     |
help: if this is intentional, prefix it with an underscore
     |
1116 |         let _id = ctrl.create_schedule(1, backup_type::INCREMENTAL, 60).unwrap();
     |             +
help: you might have meant to pattern match on the similarly named constant `FENCE_ID`
     |
1116 -         let id = ctrl.create_schedule(1, backup_type::INCREMENTAL, 60).unwrap();
1116 +         let tests::submit_batch_and_flush_fence_completion_poll::FENCE_ID = ctrl.create_schedule(1, backup_type::INCREMENTAL, 60).unwrap();
     |

warning: unused variable: `id`
    --> src\vmm\enterprise.rs:1125:13
     |
1125 |         let id = dr.create_plan(0x12345678, 0x11111111, 0x22222222).unwrap();
     |             ^^
     |
help: if this is intentional, prefix it with an underscore
     |
1125 |         let _id = dr.create_plan(0x12345678, 0x11111111, 0x22222222).unwrap();
     |             +
help: you might have meant to pattern match on the similarly named constant `FENCE_ID`
     |
1125 -         let id = dr.create_plan(0x12345678, 0x11111111, 0x22222222).unwrap();
1125 +         let tests::submit_batch_and_flush_fence_completion_poll::FENCE_ID = dr.create_plan(0x12345678, 0x11111111, 0x22222222).unwrap();
     |

warning: unused variable: `id`
    --> src\vmm\enterprise.rs:1143:13
     |
1143 |         let id = audit.add_rule(framework::SOC2, 0x12345678, 0x87654321).unwrap();
     |             ^^
     |
help: if this is intentional, prefix it with an underscore
     |
1143 |         let _id = audit.add_rule(framework::SOC2, 0x12345678, 0x87654321).unwrap();
     |             +
help: you might have meant to pattern match on the similarly named constant `FENCE_ID`
     |
1143 -         let id = audit.add_rule(framework::SOC2, 0x12345678, 0x87654321).unwrap();
1143 +         let tests::submit_batch_and_flush_fence_completion_poll::FENCE_ID = audit.add_rule(framework::SOC2, 0x12345678, 0x87654321).unwrap();
     |

warning: unused variable: `ctx`
   --> src\vmm\hypercall.rs:208:31
    |
208 |     fn handle_get_time(&self, ctx: &HypercallContext) -> u64 {
    |                               ^^^ help: if this is intentional, prefix it with an underscore: `_ctx`

warning: unused variable: `gen`
   --> src\vmm\ipi.rs:293:13
    |
293 |         let gen = self.tlb_flush_gen.fetch_add(1, Ordering::Release);
    |             ^^^
    |
help: if this is intentional, prefix it with an underscore
    |
293 |         let _gen = self.tlb_flush_gen.fetch_add(1, Ordering::Release);
    |             +
help: you might have meant to pattern match on the similarly named constant `BIOS_REGION_END`
    |
293 -         let gen = self.tlb_flush_gen.fetch_add(1, Ordering::Release);
293 +         let vmm::DmaEngine::map_region::BIOS_REGION_END = self.tlb_flush_gen.fetch_add(1, Ordering::Release);
    |

warning: variable does not need to be mutable
   --> src\vmm\monitoring.rs:309:13
    |
309 |         let mut output = [0u8; 65536];
    |             ----^^^^^^
    |             |
    |             help: remove this `mut`

warning: unused variable: `vmcs_addr`
   --> src\vmm\nested.rs:360:27
    |
360 |     pub fn vmclear(&self, vmcs_addr: u64) -> Result<(), HvError> {
    |                           ^^^^^^^^^
    |
help: if this is intentional, prefix it with an underscore
    |
360 |     pub fn vmclear(&self, _vmcs_addr: u64) -> Result<(), HvError> {
    |                           +
help: you might have meant to pattern match on the similarly named constant `BIOS_REGION_END`
    |
360 -     pub fn vmclear(&self, vmcs_addr: u64) -> Result<(), HvError> {
360 +     pub fn vmclear(&self, vmm::DmaEngine::map_region::BIOS_REGION_END: u64) -> Result<(), HvError> {
    |

warning: unused variable: `vmcs_addr`
   --> src\vmm\nested.rs:367:27
    |
367 |     pub fn vmptrld(&self, vmcs_addr: u64) -> Result<(), HvError> {
    |                           ^^^^^^^^^
    |
help: if this is intentional, prefix it with an underscore
    |
367 |     pub fn vmptrld(&self, _vmcs_addr: u64) -> Result<(), HvError> {
    |                           +
help: you might have meant to pattern match on the similarly named constant `BIOS_REGION_END`
    |
367 -     pub fn vmptrld(&self, vmcs_addr: u64) -> Result<(), HvError> {
367 +     pub fn vmptrld(&self, vmm::DmaEngine::map_region::BIOS_REGION_END: u64) -> Result<(), HvError> {
    |

warning: unused variable: `cqe`
   --> src\vmm\nvme.rs:314:13
    |
314 |         let cqe = NvmeCqe {
    |             ^^^ help: if this is intentional, prefix it with an underscore: `_cqe`

warning: unused variable: `cqid`
   --> src\vmm\nvme.rs:754:13
    |
754 |         let cqid = (cmd.cdw11 >> 16) as u16;
    |             ^^^^
    |
help: if this is intentional, prefix it with an underscore
    |
754 |         let _cqid = (cmd.cdw11 >> 16) as u16;
    |             +
help: you might have meant to pattern match on the similarly named constant `TLB_SHOOTDOWNS`
    |
754 -         let cqid = (cmd.cdw11 >> 16) as u16;
754 +         let vmm::pmu::pmu_event::TLB_SHOOTDOWNS = (cmd.cdw11 >> 16) as u16;
    |

warning: unused variable: `is_io`
   --> src\vmm\pci.rs:232:29
    |
232 |                         let is_io = (mask & 1) != 0;
    |                             ^^^^^ help: if this is intentional, prefix it with an underscore: `_is_io`

warning: unused variable: `vmcs_gpa`
   --> src\vmm\nested_virt.rs:424:29
    |
424 |     pub fn vmxon(&mut self, vmcs_gpa: u64) -> Result<(), HvError> {
    |                             ^^^^^^^^
    |
help: if this is intentional, prefix it with an underscore
    |
424 |     pub fn vmxon(&mut self, _vmcs_gpa: u64) -> Result<(), HvError> {
    |                             +
help: you might have meant to pattern match on the similarly named constant `BIOS_REGION_END`
    |
424 -     pub fn vmxon(&mut self, vmcs_gpa: u64) -> Result<(), HvError> {
424 +     pub fn vmxon(&mut self, vmm::DmaEngine::map_region::BIOS_REGION_END: u64) -> Result<(), HvError> {
    |

warning: unused variable: `addr`
   --> src\vmm\performance.rs:858:13
    |
858 |         let addr = jit.execute(id).unwrap();
    |             ^^^^
    |
help: if this is intentional, prefix it with an underscore
    |
858 |         let _addr = jit.execute(id).unwrap();
    |             +
help: you might have meant to pattern match on the similarly named constant `BIOS_REGION_END`
    |
858 -         let addr = jit.execute(id).unwrap();
858 +         let vmm::DmaEngine::map_region::BIOS_REGION_END = jit.execute(id).unwrap();
    |

warning: variable `combined_targets` is assigned to, but never used
   --> src\vmm\scheduler.rs:691:13
    |
691 |     let mut combined_targets = 0u64;
    |             ^^^^^^^^^^^^^^^^
    |
    = note: consider using `_combined_targets` instead
help: you might have meant to pattern match on the similarly named constant `BIOS_REGION_END`
    |
691 -     let mut combined_targets = 0u64;
691 +     let mut vmm::DmaEngine::map_region::BIOS_REGION_END = 0u64;
    |

warning: unused variable: `signature_data`
   --> src\vmm\secure_boot.rs:276:53
    |
276 |     pub fn verify_signature(&self, hash: &[u8; 32], signature_data: &[u8]) -> Result<(), HvError> {
    |                                                     ^^^^^^^^^^^^^^ help: if this is intentional, prefix it with an underscore: `_signature_data`

warning: variable does not need to be mutable
   --> src\vmm\secure_boot.rs:592:13
    |
592 |         let mut signature = [0u8; 256];
    |             ----^^^^^^^^^
    |             |
    |             help: remove this `mut`

warning: unused variable: `exit_code`
   --> src\vmm\svm_handler.rs:638:51
    |
638 |     fn handle_cr_access(&mut self, svm: &mut Svm, exit_code: u64) {
    |                                                   ^^^^^^^^^
    |
help: if this is intentional, prefix it with an underscore
    |
638 |     fn handle_cr_access(&mut self, svm: &mut Svm, _exit_code: u64) {
    |                                                   +
help: you might have meant to pattern match on the similarly named constant `BIOS_REGION_END`
    |
638 -     fn handle_cr_access(&mut self, svm: &mut Svm, exit_code: u64) {
638 +     fn handle_cr_access(&mut self, svm: &mut Svm, vmm::DmaEngine::map_region::BIOS_REGION_END: u64) {
    |

warning: unused variable: `event_inj`
   --> src\vmm\svm_handler.rs:701:9
    |
701 |     let event_inj = (vector as u64)
    |         ^^^^^^^^^
    |
help: if this is intentional, prefix it with an underscore
    |
701 |     let _event_inj = (vector as u64)
    |         +
help: you might have meant to pattern match on the similarly named constant `BIOS_REGION_END`
    |
701 -     let event_inj = (vector as u64)
701 +     let vmm::DmaEngine::map_region::BIOS_REGION_END = (vector as u64)
    |

warning: unused variable: `code`
   --> src\vmm\svm_handler.rs:780:49
    |
780 |                     SvmExitError::UnhandledExit(code) => {
    |                                                 ^^^^
    |
help: if this is intentional, prefix it with an underscore
    |
780 |                     SvmExitError::UnhandledExit(_code) => {
    |                                                 +
help: you might have meant to pattern match on the similarly named constant `BIOS_REGION_END`
    |
780 -                     SvmExitError::UnhandledExit(code) => {
780 +                     SvmExitError::UnhandledExit(vmm::DmaEngine::map_region::BIOS_REGION_END) => {
    |

warning: unused variable: `len`
   --> src\vmm\tun_backend.rs:247:17
    |
247 |             let len = path.iter().position(|&b| b == 0).unwrap_or(path.len());
    |                 ^^^
    |
help: if this is intentional, prefix it with an underscore
    |
247 |             let _len = path.iter().position(|&b| b == 0).unwrap_or(path.len());
    |                 +
help: you might have meant to pattern match on the similarly named constant `CMD_SIZE`
    |
247 -             let len = path.iter().position(|&b| b == 0).unwrap_or(path.len());
247 +             let valkyrie_gpu_submit_batch::CMD_SIZE = path.iter().position(|&b| b == 0).unwrap_or(path.len());
    |

warning: unused variable: `size`
   --> src\vmm\virtio_block.rs:248:27
    |
248 |     fn try_atlas_allocate(size: usize) -> (*mut u8, bool) {
    |                           ^^^^
    |
help: if this is intentional, prefix it with an underscore
    |
248 |     fn try_atlas_allocate(_size: usize) -> (*mut u8, bool) {
    |                           +
help: you might have meant to pattern match on the similarly named constant `CMD_SIZE`
    |
248 -     fn try_atlas_allocate(size: usize) -> (*mut u8, bool) {
248 +     fn try_atlas_allocate(valkyrie_gpu_submit_batch::CMD_SIZE: usize) -> (*mut u8, bool) {
    |

warning: unused variable: `backend`
   --> src\vmm\virtio_block.rs:304:25
    |
304 |         if let Some(ref backend) = self.file_backend {
    |                         ^^^^^^^ help: if this is intentional, prefix it with an underscore: `_backend`

warning: unused variable: `buf`
   --> src\vmm\virtio_net.rs:305:24
    |
305 |     pub fn read(&self, buf: &mut [u8]) -> usize {
    |                        ^^^ help: if this is intentional, prefix it with an underscore: `_buf`

warning: unused variable: `gdt_base`
   --> src\vmm\vmx.rs:265:30
    |
265 | pub unsafe fn setup_host_tss(gdt_base: u64, tss_selector: u16) {
    |                              ^^^^^^^^
    |
help: if this is intentional, prefix it with an underscore
    |
265 | pub unsafe fn setup_host_tss(_gdt_base: u64, tss_selector: u16) {
    |                              +
help: you might have meant to pattern match on the similarly named constant `BIOS_REGION_END`
    |
265 - pub unsafe fn setup_host_tss(gdt_base: u64, tss_selector: u16) {
265 + pub unsafe fn setup_host_tss(vmm::DmaEngine::map_region::BIOS_REGION_END: u64, tss_selector: u16) {
    |

warning: unused variable: `ecap`
   --> src\vmm\vtd.rs:921:13
    |
921 |         let ecap: u64 = 0x0000_0050_0000_0000;
    |             ^^^^
    |
help: if this is intentional, prefix it with an underscore
    |
921 |         let _ecap: u64 = 0x0000_0050_0000_0000;
    |             +
help: you might have meant to pattern match on the similarly named constant `BIOS_REGION_END`
    |
921 -         let ecap: u64 = 0x0000_0050_0000_0000;
921 +         let vmm::DmaEngine::map_region::BIOS_REGION_END: u64 = 0x0000_0050_0000_0000;
    |

warning: unused variable: `idx`
   --> src\vmm\balloon_enhanced.rs:710:13
    |
710 |         let idx = ctrl.register_vm(1, 4 * 1024 * 1024 * 1024, 0, 1024 * 1024).unwrap();
    |             ^^^
    |
help: if this is intentional, prefix it with an underscore
    |
710 |         let _idx = ctrl.register_vm(1, 4 * 1024 * 1024 * 1024, 0, 1024 * 1024).unwrap();
    |             +
help: you might have meant to pattern match on the similarly named constant `VIRTIO_CONSOLE_CTRL_PORT`
    |
710 -         let idx = ctrl.register_vm(1, 4 * 1024 * 1024 * 1024, 0, 1024 * 1024).unwrap();
710 +         let vmm::VIRTIO_CONSOLE_CTRL_PORT = ctrl.register_vm(1, 4 * 1024 * 1024 * 1024, 0, 1024 * 1024).unwrap();
    |

warning: unused variable: `idx`
   --> src\vmm\large_page.rs:693:13
    |
693 |         let idx = ctrl.register_large_page(0x1000, 0x1000000, 1, page_size::PAGE_2M).unwrap();
    |             ^^^
    |
help: if this is intentional, prefix it with an underscore
    |
693 |         let _idx = ctrl.register_large_page(0x1000, 0x1000000, 1, page_size::PAGE_2M).unwrap();
    |             +
help: you might have meant to pattern match on the similarly named constant `FENCE_ID`
    |
693 -         let idx = ctrl.register_large_page(0x1000, 0x1000000, 1, page_size::PAGE_2M).unwrap();
693 +         let tests::submit_batch_and_flush_fence_completion_poll::FENCE_ID = ctrl.register_large_page(0x1000, 0x1000000, 1, page_size::PAGE_2M).unwrap();
    |

warning: unused variable: `ctrl`
   --> src\vmm\large_page.rs:711:13
    |
711 |         let ctrl = LargePageController::new();
    |             ^^^^ help: if this is intentional, prefix it with an underscore: `_ctrl`

warning: unused variable: `idx`
    --> src\vmm\sched_adv.rs:1015:13
     |
1015 |         let idx = sched.register_vcpu(0, 1, 128, 256).unwrap();
     |             ^^^
     |
help: if this is intentional, prefix it with an underscore
     |
1015 |         let _idx = sched.register_vcpu(0, 1, 128, 256).unwrap();
     |             +
help: you might have meant to pattern match on the similarly named constant `FENCE_ID`
     |
1015 -         let idx = sched.register_vcpu(0, 1, 128, 256).unwrap();
1015 +         let tests::submit_batch_and_flush_fence_completion_poll::FENCE_ID = sched.register_vcpu(0, 1, 128, 256).unwrap();
     |

warning: unused variable: `vaddr`
   --> src\vmm\tlb.rs:605:37
    |
605 |     fn flush_single(&self, cpu: u8, vaddr: u64, pcid: u16) {
    |                                     ^^^^^
    |
help: if this is intentional, prefix it with an underscore
    |
605 |     fn flush_single(&self, cpu: u8, _vaddr: u64, pcid: u16) {
    |                                     +
help: you might have meant to pattern match on the similarly named constant `BIOS_REGION_END`
    |
605 -     fn flush_single(&self, cpu: u8, vaddr: u64, pcid: u16) {
605 +     fn flush_single(&self, cpu: u8, vmm::DmaEngine::map_region::BIOS_REGION_END: u64, pcid: u16) {
    |

warning: variable does not need to be mutable
   --> src\vmm\ept_cache.rs:696:13
    |
696 |         let mut ept_entry = self.build_ept_entry(hpa, 0) | ept_flag::LARGE;
    |             ----^^^^^^^^^
    |             |
    |             help: remove this `mut`

warning: unused variable: `idx`
   --> src\vmm\ept_cache.rs:856:13
    |
856 |         let idx = ctrl.register_vm(1, 0x1000000, 6).unwrap();
    |             ^^^
    |
help: if this is intentional, prefix it with an underscore
    |
856 |         let _idx = ctrl.register_vm(1, 0x1000000, 6).unwrap();
    |             +
help: you might have meant to pattern match on the similarly named constant `VIRTIO_CONSOLE_CTRL_PORT`
    |
856 -         let idx = ctrl.register_vm(1, 0x1000000, 6).unwrap();
856 +         let vmm::VIRTIO_CONSOLE_CTRL_PORT = ctrl.register_vm(1, 0x1000000, 6).unwrap();
    |

warning: unused variable: `id`
   --> src\vmm\ept_cache.rs:866:13
    |
866 |         let id = ctrl.handle_violation(0x1000, 0, 1, 0).unwrap();
    |             ^^
    |
help: if this is intentional, prefix it with an underscore
    |
866 |         let _id = ctrl.handle_violation(0x1000, 0, 1, 0).unwrap();
    |             +
help: you might have meant to pattern match on the similarly named constant `FENCE_ID`
    |
866 -         let id = ctrl.handle_violation(0x1000, 0, 1, 0).unwrap();
866 +         let tests::submit_batch_and_flush_fence_completion_poll::FENCE_ID = ctrl.handle_violation(0x1000, 0, 1, 0).unwrap();
    |

warning: unused variable: `avail_addr`
   --> src\vmm\virtio_mq.rs:409:13
    |
409 |         let avail_addr = self.avail_addr.load(Ordering::Acquire);
    |             ^^^^^^^^^^
    |
help: if this is intentional, prefix it with an underscore
    |
409 |         let _avail_addr = self.avail_addr.load(Ordering::Acquire);
    |             +
help: you might have meant to pattern match on the similarly named constant `BIOS_REGION_END`
    |
409 -         let avail_addr = self.avail_addr.load(Ordering::Acquire);
409 +         let vmm::DmaEngine::map_region::BIOS_REGION_END = self.avail_addr.load(Ordering::Acquire);
    |

warning: unused variable: `i`
   --> src\vmm\virtio_mq.rs:816:13
    |
816 |         for i in 0..queue_pairs {
    |             ^
    |
help: if this is intentional, prefix it with an underscore
    |
816 |         for _i in 0..queue_pairs {
    |             +
help: you might have meant to pattern match on the similarly named constant `TLB_SHOOTDOWNS`
    |
816 -         for i in 0..queue_pairs {
816 +         for vmm::pmu::pmu_event::TLB_SHOOTDOWNS in 0..queue_pairs {
    |

warning: unused variable: `id`
   --> src\vmm\virtio_mq.rs:951:13
    |
951 |         let id = ctrl.register_device(device_type::NET, 1, 0xFFFF).unwrap();
    |             ^^
    |
help: if this is intentional, prefix it with an underscore
    |
951 |         let _id = ctrl.register_device(device_type::NET, 1, 0xFFFF).unwrap();
    |             +
help: you might have meant to pattern match on the similarly named constant `FENCE_ID`
    |
951 -         let id = ctrl.register_device(device_type::NET, 1, 0xFFFF).unwrap();
951 +         let tests::submit_batch_and_flush_fence_completion_poll::FENCE_ID = ctrl.register_device(device_type::NET, 1, 0xFFFF).unwrap();
    |

warning: variable does not need to be mutable
   --> src\vmm\virtio_mq.rs:979:13
    |
979 |         let mut queue = VirtioQueue::new();
    |             ----^^^^^
    |             |
    |             help: remove this `mut`

warning: variable does not need to be mutable
   --> src\vmm\virtio_mq.rs:991:13
    |
991 |         let mut queue = VirtioQueue::new();
    |             ----^^^^^
    |             |
    |             help: remove this `mut`

warning: unused variable: `is_write`
   --> src\vmm\vhost_user.rs:507:57
    |
507 |     pub fn process_zero_copy(&self, gpa: u64, len: u64, is_write: bool) -> bool {
    |                                                         ^^^^^^^^ help: if this is intentional, prefix it with an underscore: `_is_write`

warning: unused variable: `index`
   --> src\vmm\vhost_user.rs:675:21
    |
675 |                 let index = payload.vring_state[0].load(Ordering::Acquire) as u16;
    |                     ^^^^^
    |
help: if this is intentional, prefix it with an underscore
    |
675 |                 let _index = payload.vring_state[0].load(Ordering::Acquire) as u16;
    |                     +
help: you might have meant to pattern match on the similarly named constant `TLB_SHOOTDOWNS`
    |
675 -                 let index = payload.vring_state[0].load(Ordering::Acquire) as u16;
675 +                 let vmm::pmu::pmu_event::TLB_SHOOTDOWNS = payload.vring_state[0].load(Ordering::Acquire) as u16;
    |

warning: unused variable: `id`
   --> src\vmm\vhost_user.rs:820:13
    |
820 |         let id = ctrl.create_device(1, device_type::NET).unwrap();
    |             ^^
    |
help: if this is intentional, prefix it with an underscore
    |
820 |         let _id = ctrl.create_device(1, device_type::NET).unwrap();
    |             +
help: you might have meant to pattern match on the similarly named constant `FENCE_ID`
    |
820 -         let id = ctrl.create_device(1, device_type::NET).unwrap();
820 +         let tests::submit_batch_and_flush_fence_completion_poll::FENCE_ID = ctrl.create_device(1, device_type::NET).unwrap();
    |

warning: unused variable: `desc`
   --> src\vmm\ioat_dma.rs:284:13
    |
284 |         let desc = &self.descriptors[head as usize];
    |             ^^^^ help: if this is intentional, prefix it with an underscore: `_desc`

warning: unused variable: `desc_idx`
   --> src\vmm\ioat_dma.rs:271:26
    |
271 |     pub fn submit(&self, desc_idx: u16) -> Result<(), HvError> {
    |                          ^^^^^^^^
    |
help: if this is intentional, prefix it with an underscore
    |
271 |     pub fn submit(&self, _desc_idx: u16) -> Result<(), HvError> {
    |                          +
help: you might have meant to pattern match on the similarly named constant `TLB_SHOOTDOWNS`
    |
271 -     pub fn submit(&self, desc_idx: u16) -> Result<(), HvError> {
271 +     pub fn submit(&self, vmm::pmu::pmu_event::TLB_SHOOTDOWNS: u16) -> Result<(), HvError> {
    |

warning: unused variable: `size`
   --> src\vmm\ioat_dma.rs:585:37
    |
585 |     pub fn find_best_channel(&self, size: u32, priority: u8) -> Option<u8> {
    |                                     ^^^^
    |
help: if this is intentional, prefix it with an underscore
    |
585 |     pub fn find_best_channel(&self, _size: u32, priority: u8) -> Option<u8> {
    |                                     +
help: you might have meant to pattern match on the similarly named constant `FENCE_ID`
    |
585 -     pub fn find_best_channel(&self, size: u32, priority: u8) -> Option<u8> {
585 +     pub fn find_best_channel(&self, tests::submit_batch_and_flush_fence_completion_poll::FENCE_ID: u32, priority: u8) -> Option<u8> {
    |

warning: unused variable: `priority`
   --> src\vmm\ioat_dma.rs:585:48
    |
585 |     pub fn find_best_channel(&self, size: u32, priority: u8) -> Option<u8> {
    |                                                ^^^^^^^^
    |
help: if this is intentional, prefix it with an underscore
    |
585 |     pub fn find_best_channel(&self, size: u32, _priority: u8) -> Option<u8> {
    |                                                +
help: you might have meant to pattern match on the similarly named constant `VIRTIO_CONSOLE_CTRL_PORT`
    |
585 -     pub fn find_best_channel(&self, size: u32, priority: u8) -> Option<u8> {
585 +     pub fn find_best_channel(&self, size: u32, vmm::VIRTIO_CONSOLE_CTRL_PORT: u8) -> Option<u8> {
    |

warning: unused variable: `id`
   --> src\vmm\ioat_dma.rs:833:13
    |
833 |         let id = ctrl.register_channel(0xFE000000, 0).unwrap();
    |             ^^
    |
help: if this is intentional, prefix it with an underscore
    |
833 |         let _id = ctrl.register_channel(0xFE000000, 0).unwrap();
    |             +
help: you might have meant to pattern match on the similarly named constant `VIRTIO_CONSOLE_CTRL_PORT`
    |
833 -         let id = ctrl.register_channel(0xFE000000, 0).unwrap();
833 +         let vmm::VIRTIO_CONSOLE_CTRL_PORT = ctrl.register_channel(0xFE000000, 0).unwrap();
    |

warning: unused variable: `op_id`
   --> src\vmm\ioat_dma.rs:894:13
    |
894 |         let op_id = ctrl.memcpy(0x1000000, 0x2000000, 8192, 1, dma_priority::NORMAL).unwrap();
    |             ^^^^^
    |
help: if this is intentional, prefix it with an underscore
    |
894 |         let _op_id = ctrl.memcpy(0x1000000, 0x2000000, 8192, 1, dma_priority::NORMAL).unwrap();
    |             +
help: you might have meant to pattern match on the similarly named constant `FENCE_ID`
    |
894 -         let op_id = ctrl.memcpy(0x1000000, 0x2000000, 8192, 1, dma_priority::NORMAL).unwrap();
894 +         let tests::submit_batch_and_flush_fence_completion_poll::FENCE_ID = ctrl.memcpy(0x1000000, 0x2000000, 8192, 1, dma_priority::NORMAL).unwrap();
    |

warning: unused variable: `vm_id`
   --> src\vmm\microvm.rs:783:13
    |
783 |         let vm_id = ctrl.create(0x12345678, 2, 128 * 1024 * 1024).unwrap();
    |             ^^^^^
    |
help: if this is intentional, prefix it with an underscore
    |
783 |         let _vm_id = ctrl.create(0x12345678, 2, 128 * 1024 * 1024).unwrap();
    |             +
help: you might have meant to pattern match on the similarly named constant `FENCE_ID`
    |
783 -         let vm_id = ctrl.create(0x12345678, 2, 128 * 1024 * 1024).unwrap();
783 +         let tests::submit_batch_and_flush_fence_completion_poll::FENCE_ID = ctrl.create(0x12345678, 2, 128 * 1024 * 1024).unwrap();
    |

warning: unused variable: `template_id`
   --> src\vmm\template.rs:891:13
    |
891 |         let template_id = ctrl.create_template(
    |             ^^^^^^^^^^^
    |
help: if this is intentional, prefix it with an underscore
    |
891 |         let _template_id = ctrl.create_template(
    |             +
help: you might have meant to pattern match on the similarly named constant `FENCE_ID`
    |
891 -         let template_id = ctrl.create_template(
891 +         let tests::submit_batch_and_flush_fence_completion_poll::FENCE_ID = ctrl.create_template(
    |

warning: unused variable: `clone_id`
   --> src\vmm\template.rs:915:13
    |
915 |         let clone_id = ctrl.create_clone(template_id, 100).unwrap();
    |             ^^^^^^^^
    |
help: if this is intentional, prefix it with an underscore
    |
915 |         let _clone_id = ctrl.create_clone(template_id, 100).unwrap();
    |             +
help: you might have meant to pattern match on the similarly named constant `FENCE_ID`
    |
915 -         let clone_id = ctrl.create_clone(template_id, 100).unwrap();
915 +         let tests::submit_batch_and_flush_fence_completion_poll::FENCE_ID = ctrl.create_clone(template_id, 100).unwrap();
    |

warning: unused variable: `mig_idx`
   --> src\vmm\vgpu.rs:682:29
    |
682 |                 if let Some(mig_idx) = gpu.find_available_mig(min_memory) {
    |                             ^^^^^^^
    |
help: if this is intentional, prefix it with an underscore
    |
682 |                 if let Some(_mig_idx) = gpu.find_available_mig(min_memory) {
    |                             +
help: you might have meant to pattern match on the similarly named constant `VIRTIO_CONSOLE_CTRL_PORT`
    |
682 -                 if let Some(mig_idx) = gpu.find_available_mig(min_memory) {
682 +                 if let Some(vmm::VIRTIO_CONSOLE_CTRL_PORT) = gpu.find_available_mig(min_memory) {
    |

warning: unused variable: `id`
   --> src\vmm\vgpu.rs:893:13
    |
893 |         let id = ctrl.register_gpu(gpu_type::NVIDIA_A100_40GB, 0x000010DE, 
    |             ^^
    |
help: if this is intentional, prefix it with an underscore
    |
893 |         let _id = ctrl.register_gpu(gpu_type::NVIDIA_A100_40GB, 0x000010DE, 
    |             +
help: you might have meant to pattern match on the similarly named constant `VIRTIO_CONSOLE_CTRL_PORT`
    |
893 -         let id = ctrl.register_gpu(gpu_type::NVIDIA_A100_40GB, 0x000010DE, 
893 +         let vmm::VIRTIO_CONSOLE_CTRL_PORT = ctrl.register_gpu(gpu_type::NVIDIA_A100_40GB, 0x000010DE, 
    |

warning: unused variable: `idx`
   --> src\vmm\vgpu.rs:919:13
    |
919 |         let idx = ctrl.create_mig(0, mig_profile::MIG_2G_10GB).unwrap();
    |             ^^^
    |
help: if this is intentional, prefix it with an underscore
    |
919 |         let _idx = ctrl.create_mig(0, mig_profile::MIG_2G_10GB).unwrap();
    |             +
help: you might have meant to pattern match on the similarly named constant `VIRTIO_CONSOLE_CTRL_PORT`
    |
919 -         let idx = ctrl.create_mig(0, mig_profile::MIG_2G_10GB).unwrap();
919 +         let vmm::VIRTIO_CONSOLE_CTRL_PORT = ctrl.create_mig(0, mig_profile::MIG_2G_10GB).unwrap();
    |

warning: unused variable: `vgpu_id`
   --> src\vmm\vgpu.rs:934:13
    |
934 |         let vgpu_id = ctrl.create_vgpu(1, mig_profile::MIG_2G_10GB, 
    |             ^^^^^^^
    |
help: if this is intentional, prefix it with an underscore
    |
934 |         let _vgpu_id = ctrl.create_vgpu(1, mig_profile::MIG_2G_10GB, 
    |             +
help: you might have meant to pattern match on the similarly named constant `FENCE_ID`
    |
934 -         let vgpu_id = ctrl.create_vgpu(1, mig_profile::MIG_2G_10GB, 
934 +         let tests::submit_batch_and_flush_fence_completion_poll::FENCE_ID = ctrl.create_vgpu(1, mig_profile::MIG_2G_10GB, 
    |

warning: unused variable: `idx`
   --> src\vmm\gpu_mem.rs:837:13
    |
837 |         let idx = ctrl.register_vm(1, 0, 10 * 1024 * 1024 * 1024, 1500).unwrap();
    |             ^^^
    |
help: if this is intentional, prefix it with an underscore
    |
837 |         let _idx = ctrl.register_vm(1, 0, 10 * 1024 * 1024 * 1024, 1500).unwrap();
    |             +
help: you might have meant to pattern match on the similarly named constant `VIRTIO_CONSOLE_CTRL_PORT`
    |
837 -         let idx = ctrl.register_vm(1, 0, 10 * 1024 * 1024 * 1024, 1500).unwrap();
837 +         let vmm::VIRTIO_CONSOLE_CTRL_PORT = ctrl.register_vm(1, 0, 10 * 1024 * 1024 * 1024, 1500).unwrap();
    |

warning: unused variable: `region_id`
   --> src\vmm\gpu_mem.rs:847:13
    |
847 |         let region_id = ctrl.add_region(1, region_type::VRAM, 
    |             ^^^^^^^^^
    |
help: if this is intentional, prefix it with an underscore
    |
847 |         let _region_id = ctrl.add_region(1, region_type::VRAM, 
    |             +
help: you might have meant to pattern match on the similarly named constant `VIRTIO_CONSOLE_CTRL_PORT`
    |
847 -         let region_id = ctrl.add_region(1, region_type::VRAM, 
847 +         let vmm::VIRTIO_CONSOLE_CTRL_PORT = ctrl.add_region(1, region_type::VRAM, 
    |

warning: variable does not need to be mutable
   --> src\vmm\cbt.rs:653:25
    |
653 |                     let mut change = ChangeRegion::new();
    |                         ----^^^^^^
    |                         |
    |                         help: remove this `mut`

warning: unused variable: `idx`
   --> src\vmm\cbt.rs:905:13
    |
905 |         let idx = ctrl.register_vm(1, 100 * 1024 * 1024 * 1024, None).unwrap();
    |             ^^^
    |
help: if this is intentional, prefix it with an underscore
    |
905 |         let _idx = ctrl.register_vm(1, 100 * 1024 * 1024 * 1024, None).unwrap();
    |             +
help: you might have meant to pattern match on the similarly named constant `VIRTIO_CONSOLE_CTRL_PORT`
    |
905 -         let idx = ctrl.register_vm(1, 100 * 1024 * 1024 * 1024, None).unwrap();
905 +         let vmm::VIRTIO_CONSOLE_CTRL_PORT = ctrl.register_vm(1, 100 * 1024 * 1024 * 1024, None).unwrap();
    |

warning: unused variable: `gva`
   --> src\vmm\vmi.rs:921:31
    |
921 | ...                   gva: u64, access_type: u8, vcpu_id: u8) -> Option<u16> {
    |                       ^^^
    |
help: if this is intentional, prefix it with an underscore
    |
921 |                               _gva: u64, access_type: u8, vcpu_id: u8) -> Option<u16> {
    |                               +
help: you might have meant to pattern match on the similarly named constant `BIOS_REGION_END`
    |
921 -                               gva: u64, access_type: u8, vcpu_id: u8) -> Option<u16> {
921 +                               vmm::DmaEngine::map_region::BIOS_REGION_END: u64, access_type: u8, vcpu_id: u8) -> Option<u16> {
    |

warning: unused variable: `vcpu_id`
   --> src\vmm\vmi.rs:921:58
    |
921 | ...                   gva: u64, access_type: u8, vcpu_id: u8) -> Option<u16> {
    |                                                  ^^^^^^^
    |
help: if this is intentional, prefix it with an underscore
    |
921 |                               gva: u64, access_type: u8, _vcpu_id: u8) -> Option<u16> {
    |                                                          +
help: you might have meant to pattern match on the similarly named constant `VIRTIO_CONSOLE_CTRL_PORT`
    |
921 -                               gva: u64, access_type: u8, vcpu_id: u8) -> Option<u16> {
921 +                               gva: u64, access_type: u8, vmm::VIRTIO_CONSOLE_CTRL_PORT: u8) -> Option<u16> {
    |

warning: unused variable: `idx`
    --> src\vmm\vmi.rs:1032:13
     |
1032 |         let idx = ctrl.register_vm(1).unwrap();
     |             ^^^
     |
help: if this is intentional, prefix it with an underscore
     |
1032 |         let _idx = ctrl.register_vm(1).unwrap();
     |             +
help: you might have meant to pattern match on the similarly named constant `VIRTIO_CONSOLE_CTRL_PORT`
     |
1032 -         let idx = ctrl.register_vm(1).unwrap();
1032 +         let vmm::VIRTIO_CONSOLE_CTRL_PORT = ctrl.register_vm(1).unwrap();
     |

warning: unused variable: `sub_id`
    --> src\vmm\vmi.rs:1106:13
     |
1106 |         let sub_id = ctrl.subscribe(1, mask, 1, 128).unwrap();
     |             ^^^^^^
     |
help: if this is intentional, prefix it with an underscore
     |
1106 |         let _sub_id = ctrl.subscribe(1, mask, 1, 128).unwrap();
     |             +
help: you might have meant to pattern match on the similarly named constant `FENCE_ID`
     |
1106 -         let sub_id = ctrl.subscribe(1, mask, 1, 128).unwrap();
1106 +         let tests::submit_batch_and_flush_fence_completion_poll::FENCE_ID = ctrl.subscribe(1, mask, 1, 128).unwrap();
     |

warning: unused variable: `id`
   --> src\vmm\hvi.rs:776:13
    |
776 |         let id = ctrl.add_region(0x1000000, 4096, prot_type::WRITE | prot_type::EXECUTE, 0xABCDEF).unwrap();
    |             ^^
    |
help: if this is intentional, prefix it with an underscore
    |
776 |         let _id = ctrl.add_region(0x1000000, 4096, prot_type::WRITE | prot_type::EXECUTE, 0xABCDEF).unwrap();
    |             +
help: you might have meant to pattern match on the similarly named constant `VIRTIO_CONSOLE_CTRL_PORT`
    |
776 -         let id = ctrl.add_region(0x1000000, 4096, prot_type::WRITE | prot_type::EXECUTE, 0xABCDEF).unwrap();
776 +         let vmm::VIRTIO_CONSOLE_CTRL_PORT = ctrl.add_region(0x1000000, 4096, prot_type::WRITE | prot_type::EXECUTE, 0xABCDEF).unwrap();
    |

warning: unused variable: `id`
   --> src\vmm\hvi.rs:785:13
    |
785 |         let id = ctrl.add_check(check_type::HASH, 0x2000000, 1024, 0x12345678, 1000).unwrap();
    |             ^^
    |
help: if this is intentional, prefix it with an underscore
    |
785 |         let _id = ctrl.add_check(check_type::HASH, 0x2000000, 1024, 0x12345678, 1000).unwrap();
    |             +
help: you might have meant to pattern match on the similarly named constant `FENCE_ID`
    |
785 -         let id = ctrl.add_check(check_type::HASH, 0x2000000, 1024, 0x12345678, 1000).unwrap();
785 +         let tests::submit_batch_and_flush_fence_completion_poll::FENCE_ID = ctrl.add_check(check_type::HASH, 0x2000000, 1024, 0x12345678, 1000).unwrap();
    |

warning: unused variable: `id`
   --> src\vmm\hvi.rs:794:13
    |
794 |         let id = ctrl.add_watchpoint(0x3000000, 8, prot_type::WRITE, true).unwrap();
    |             ^^
    |
help: if this is intentional, prefix it with an underscore
    |
794 |         let _id = ctrl.add_watchpoint(0x3000000, 8, prot_type::WRITE, true).unwrap();
    |             +
help: you might have meant to pattern match on the similarly named constant `FENCE_ID`
    |
794 -         let id = ctrl.add_watchpoint(0x3000000, 8, prot_type::WRITE, true).unwrap();
794 +         let tests::submit_batch_and_flush_fence_completion_poll::FENCE_ID = ctrl.add_watchpoint(0x3000000, 8, prot_type::WRITE, true).unwrap();
    |

warning: unused variable: `entry_id`
   --> src\vmm\pmu.rs:858:25
    |
858 |             if let Some(entry_id) = cpu_state.sampling_buffer.add_sample(event, ip, value) {
    |                         ^^^^^^^^
    |
help: if this is intentional, prefix it with an underscore
    |
858 |             if let Some(_entry_id) = cpu_state.sampling_buffer.add_sample(event, ip, value) {
    |                         +
help: you might have meant to pattern match on the similarly named constant `BIOS_REGION_END`
    |
858 -             if let Some(entry_id) = cpu_state.sampling_buffer.add_sample(event, ip, value) {
858 +             if let Some(vmm::DmaEngine::map_region::BIOS_REGION_END) = cpu_state.sampling_buffer.add_sample(event, ip, value) {
    |

warning: unused variable: `idx`
   --> src\vmm\pmu.rs:951:13
    |
951 |         let idx = ctrl.register_cpu(0, 4, 0xFF, 3, 4, 48).unwrap();
    |             ^^^
    |
help: if this is intentional, prefix it with an underscore
    |
951 |         let _idx = ctrl.register_cpu(0, 4, 0xFF, 3, 4, 48).unwrap();
    |             +
help: you might have meant to pattern match on the similarly named constant `TLB_SHOOTDOWNS`
    |
951 -         let idx = ctrl.register_cpu(0, 4, 0xFF, 3, 4, 48).unwrap();
951 +         let vmm::pmu::pmu_event::TLB_SHOOTDOWNS = ctrl.register_cpu(0, 4, 0xFF, 3, 4, 48).unwrap();
    |

warning: unused variable: `id`
   --> src\vmm\numamem.rs:799:13
    |
799 |         let id = ctrl.add_node(0, 64 * 1024 * 1024 * 1024).unwrap();
    |             ^^
    |
help: if this is intentional, prefix it with an underscore
    |
799 |         let _id = ctrl.add_node(0, 64 * 1024 * 1024 * 1024).unwrap();
    |             +
help: you might have meant to pattern match on the similarly named constant `VIRTIO_CONSOLE_CTRL_PORT`
    |
799 -         let id = ctrl.add_node(0, 64 * 1024 * 1024 * 1024).unwrap();
799 +         let vmm::VIRTIO_CONSOLE_CTRL_PORT = ctrl.add_node(0, 64 * 1024 * 1024 * 1024).unwrap();
    |

warning: unused variable: `idx`
   --> src\vmm\numamem.rs:837:13
    |
837 |         let idx = ctrl.register_vm(1, numa_policy::PREFERRED, 0, 0xFFFF).unwrap();
    |             ^^^
    |
help: if this is intentional, prefix it with an underscore
    |
837 |         let _idx = ctrl.register_vm(1, numa_policy::PREFERRED, 0, 0xFFFF).unwrap();
    |             +
help: you might have meant to pattern match on the similarly named constant `VIRTIO_CONSOLE_CTRL_PORT`
    |
837 -         let idx = ctrl.register_vm(1, numa_policy::PREFERRED, 0, 0xFFFF).unwrap();
837 +         let vmm::VIRTIO_CONSOLE_CTRL_PORT = ctrl.register_vm(1, numa_policy::PREFERRED, 0, 0xFFFF).unwrap();
    |

warning: unused variable: `addr`
   --> src\vmm\numamem.rs:849:14
    |
849 |         let (addr, node) = ctrl.alloc(1, 1024 * 1024, 0).unwrap();
    |              ^^^^
    |
help: if this is intentional, prefix it with an underscore
    |
849 |         let (_addr, node) = ctrl.alloc(1, 1024 * 1024, 0).unwrap();
    |              +
help: you might have meant to pattern match on the similarly named constant `BIOS_REGION_END`
    |
849 -         let (addr, node) = ctrl.alloc(1, 1024 * 1024, 0).unwrap();
849 +         let (vmm::DmaEngine::map_region::BIOS_REGION_END, node) = ctrl.alloc(1, 1024 * 1024, 0).unwrap();
    |

warning: unused variable: `idx`
   --> src\vmm\numaio.rs:765:13
    |
765 |         let idx = ctrl.register_vm(1, io_policy::LOCAL, 0, 0x03).unwrap();
    |             ^^^
    |
help: if this is intentional, prefix it with an underscore
    |
765 |         let _idx = ctrl.register_vm(1, io_policy::LOCAL, 0, 0x03).unwrap();
    |             +
help: you might have meant to pattern match on the similarly named constant `VIRTIO_CONSOLE_CTRL_PORT`
    |
765 -         let idx = ctrl.register_vm(1, io_policy::LOCAL, 0, 0x03).unwrap();
765 +         let vmm::VIRTIO_CONSOLE_CTRL_PORT = ctrl.register_vm(1, io_policy::LOCAL, 0, 0x03).unwrap();
    |

warning: unused variable: `flags`
    --> src\vmm\mod.rs:1981:65
     |
1981 |     fn process_desc(&self, dma: &DmaEngine, gpa: u64, len: u32, flags: u32) -> bool {
     |                                                                 ^^^^^
     |
help: if this is intentional, prefix it with an underscore
     |
1981 |     fn process_desc(&self, dma: &DmaEngine, gpa: u64, len: u32, _flags: u32) -> bool {
     |                                                                 +
help: you might have meant to pattern match on the similarly named constant `FENCE_ID`
     |
1981 -     fn process_desc(&self, dma: &DmaEngine, gpa: u64, len: u32, flags: u32) -> bool {
1981 +     fn process_desc(&self, dma: &DmaEngine, gpa: u64, len: u32, tests::submit_batch_and_flush_fence_completion_poll::FENCE_ID: u32) -> bool {
     |

warning: constant `VIRTIO_NET_F_GUEST_CSUM` is never used
   --> src\vmm\mod.rs:292:7
    |
292 | const VIRTIO_NET_F_GUEST_CSUM: u64 = 1 << 1;     // Guest checksum
    |       ^^^^^^^^^^^^^^^^^^^^^^^
    |
    = note: `#[warn(dead_code)]` (part of `#[warn(unused)]`) on by default

warning: constant `VIRTIO_NET_F_GUEST_TSO4` is never used
   --> src\vmm\mod.rs:293:7
    |
293 | const VIRTIO_NET_F_GUEST_TSO4: u64 = 1 << 7;     // Guest TSO IPv4
    |       ^^^^^^^^^^^^^^^^^^^^^^^

warning: constant `VIRTIO_NET_F_GUEST_TSO6` is never used
   --> src\vmm\mod.rs:294:7
    |
294 | const VIRTIO_NET_F_GUEST_TSO6: u64 = 1 << 8;     // Guest TSO IPv6
    |       ^^^^^^^^^^^^^^^^^^^^^^^

warning: constant `VIRTIO_BLK_F_SIZE_MAX` is never used
   --> src\vmm\mod.rs:299:7
    |
299 | const VIRTIO_BLK_F_SIZE_MAX: u64 = 1 << 1;        // Max request size
    |       ^^^^^^^^^^^^^^^^^^^^^

warning: constant `VIRTIO_BLK_F_SEG_MAX` is never used
   --> src\vmm\mod.rs:300:7
    |
300 | const VIRTIO_BLK_F_SEG_MAX: u64 = 1 << 2;         // Max segments
    |       ^^^^^^^^^^^^^^^^^^^^

warning: constant `VIRTIO_BLK_F_RO` is never used
   --> src\vmm\mod.rs:301:7
    |
301 | const VIRTIO_BLK_F_RO: u64 = 1 << 5;              // Read-only
    |       ^^^^^^^^^^^^^^^

warning: constant `VIRTIO_BLK_F_FLUSH` is never used
   --> src\vmm\mod.rs:302:7
    |
302 | const VIRTIO_BLK_F_FLUSH: u64 = 1 << 9;           // FLUSH support
    |       ^^^^^^^^^^^^^^^^^^

warning: fields `irq_pending` and `irq_coalesce_thresh` are never read
   --> src\vmm\mod.rs:910:5
    |
887 | pub struct VirtioDevice {
    |            ------------ fields in this struct
...
910 |     irq_pending: AtomicU32,        // Pending interrupt count
    |     ^^^^^^^^^^^
911 |     irq_coalesce_thresh: AtomicU32, // Coalesce threshold (0 = disabled)
    |     ^^^^^^^^^^^^^^^^^^^

warning: field `last_delivery` is never read
    --> src\vmm\mod.rs:1373:5
     |
1370 | pub struct InterruptCoalescer {
     |            ------------------ field in this struct
...
1373 |     last_delivery: AtomicU64,
     |     ^^^^^^^^^^^^^

warning: fields `storage` and `cursor` are never read
    --> src\vmm\mod.rs:1938:5
     |
1937 | pub struct VirtioBlockModel {
     |            ---------------- fields in this struct
1938 |     storage: UnsafeCell<[u8; BLOCK_STORAGE_SIZE]>,
     |     ^^^^^^^
1939 |     cursor: AtomicUsize,
     |     ^^^^^^

warning: method `next_offset` is never used
    --> src\vmm\mod.rs:1958:8
     |
1947 | impl VirtioBlockModel {
     | --------------------- method in this implementation
...
1958 |     fn next_offset(&self, len: usize) -> usize {
     |        ^^^^^^^^^^^

warning: constant `VIRTIO_NET_HDR_GSO_UDP` is never used
    --> src\vmm\mod.rs:2080:7
     |
2080 | const VIRTIO_NET_HDR_GSO_UDP: u8 = 3;    // UDP fragmentation offload
     |       ^^^^^^^^^^^^^^^^^^^^^^

warning: constant `VIRTIO_NET_HDR_GSO_TCPV6` is never used
    --> src\vmm\mod.rs:2081:7
     |
2081 | const VIRTIO_NET_HDR_GSO_TCPV6: u8 = 4;  // TSO IPv6
     |       ^^^^^^^^^^^^^^^^^^^^^^^^

warning: field `speed_mbps` is never read
    --> src\vmm\mod.rs:2416:5
     |
2413 | pub struct NetworkLinkStatus {
     |            ----------------- field in this struct
...
2416 |     speed_mbps: AtomicU32,
     |     ^^^^^^^^^^

warning: field `enabled` is never read
    --> src\vmm\mod.rs:2478:5
     |
2472 | pub struct ConsolePort {
     |            ----------- field in this struct
...
2478 |     enabled: AtomicU8,
     |     ^^^^^^^

warning: constant `VIRTIO_CONSOLE_CTRL_PORT` is never used
    --> src\vmm\mod.rs:2602:7
     |
2602 | const VIRTIO_CONSOLE_CTRL_PORT: u8 = 10;
     |       ^^^^^^^^^^^^^^^^^^^^^^^^

warning: field `balloon_pages` is never read
  --> src\vmm\balloon.rs:68:5
   |
64 | pub struct BalloonDriver {
   |            ------------- field in this struct
...
68 |     balloon_pages: [AtomicU64; 1024], // First 1024 pages as sample
   |     ^^^^^^^^^^^^^

warning: associated function `nibble_to_hex` is never used
   --> src\vmm\debug.rs:453:8
    |
197 | impl GdbStubState {
    | ----------------- associated function in this implementation
...
453 |     fn nibble_to_hex(n: u8) -> u8 {
    |        ^^^^^^^^^^^^^

warning: methods `validate_checksum`, `parse_pe_entry`, and `determine_entry_point` are never used
   --> src\vmm\game_bridge.rs:867:8
    |
602 | impl GamingBridge {
    | ----------------- methods in this implementation
...
867 |     fn validate_checksum(&self) -> bool {
    |        ^^^^^^^^^^^^^^^^^
...
940 |     fn parse_pe_entry(&self) -> u64 {
    |        ^^^^^^^^^^^^^^
...
980 |     fn determine_entry_point(&self) -> u64 {
    |        ^^^^^^^^^^^^^^^^^^^^^

warning: constant `WIN_TUN_TYPE` is never used
   --> src\vmm\tun_backend.rs:205:15
    |
205 |         const WIN_TUN_TYPE: u32 = 1; // WintunAdapter
    |               ^^^^^^^^^^^^

warning: constant `WIN_TUN_LUID` is never used
   --> src\vmm\tun_backend.rs:206:15
    |
206 |         const WIN_TUN_LUID: u64 = 0; // Let system assign
    |               ^^^^^^^^^^^^

warning: associated function `allocate_from_atlas` is never used
   --> src\vmm\virtio_block.rs:284:8
    |
202 | impl BlockStorage {
    | ----------------- associated function in this implementation
...
284 |     fn allocate_from_atlas(_size: usize) -> Option<*mut u8> {
    |        ^^^^^^^^^^^^^^^^^^^

warning: fields `cursor_id`, `x`, `y`, `width`, and `height` are never read
   --> src\vmm\virtio_gpu.rs:112:5
    |
111 | struct CursorParams {
    |        ------------ fields in this struct
112 |     cursor_id: u32,
    |     ^^^^^^^^^
...
116 |     x: u32,
    |     ^
117 |     y: u32,
    |     ^
118 |     width: u32,
    |     ^^^^^
119 |     height: u32,
    |     ^^^^^^

warning: field `resource_id` is never read
   --> src\vmm\virtio_gpu.rs:222:5
    |
220 | struct SetScanoutParams {
    |        ---------------- field in this struct
221 |     scanout_id: u32,
222 |     resource_id: u32,
    |     ^^^^^^^^^^^

warning: fields `resource_id`, `x`, `y`, `width`, `height`, and `offset` are never read
   --> src\vmm\virtio_gpu.rs:248:5
    |
247 | struct TransferParams {
    |        -------------- fields in this struct
248 |     resource_id: u32,
    |     ^^^^^^^^^^^
249 |     x: u32,
    |     ^
250 |     y: u32,
    |     ^
251 |     width: u32,
    |     ^^^^^
252 |     height: u32,
    |     ^^^^^^
253 |     offset: u64,
    |     ^^^^^^

warning: field `entries` is never read
   --> src\vmm\virtio_gpu.rs:260:5
    |
257 | struct AttachBackingParams {
    |        ------------------- field in this struct
...
260 |     entries: [BackingEntry; 8],
    |     ^^^^^^^

warning: fields `addr`, `length`, and `padding` are never read
   --> src\vmm\virtio_gpu.rs:266:5
    |
265 | struct BackingEntry {
    |        ------------ fields in this struct
266 |     addr: u64,
    |     ^^^^
267 |     length: u32,
    |     ^^^^^^
268 |     padding: u32,
    |     ^^^^^^^
    |
    = note: `BackingEntry` has a derived impl for the trait `Clone`, but this is intentionally ignored during dead code analysis

warning: creating a shared reference to mutable static
   --> src\vmm\chase_lev.rs:580:29
    |
580 |         unsafe { assert_eq!(COUNTER, 1); }
    |                             ^^^^^^^ shared reference to mutable static
    |
    = note: for more information, see <https://doc.rust-lang.org/edition-guide/rust-2024/static-mut-references.html>
    = note: shared references to mutable statics are dangerous; it's undefined behavior if the static is mutated or if a mutable reference is created for it while the shared reference lives
    = note: `#[warn(static_mut_refs)]` (part of `#[warn(rust_2024_compatibility)]`) on by default

warning: creating a mutable reference to mutable static
   --> src\vmm\virtio_block.rs:267:23
    |
267 |             unsafe { (STORAGE.as_mut_ptr(), true) }
    |                       ^^^^^^^^^^^^^^^^^^^^ mutable reference to mutable static
    |
    = note: for more information, see <https://doc.rust-lang.org/edition-guide/rust-2024/static-mut-references.html>
    = note: mutable references to mutable statics are dangerous; it's undefined behavior if any other pointer to the static is used or if any other reference is created for the static while the 
mutable reference lives

warning: creating a mutable reference to mutable static
   --> src\vmm\vmx.rs:270:5
    |
270 |     HOST_TSS.set_rsp0(stack_top);
    |     ^^^^^^^^^^^^^^^^^^^^^^^^^^^^ mutable reference to mutable static
    |
    = note: for more information, see <https://doc.rust-lang.org/edition-guide/rust-2024/static-mut-references.html>
    = note: mutable references to mutable statics are dangerous; it's undefined behavior if any other pointer to the static is used or if any other reference is created for the static while the 
mutable reference lives

warning: creating a mutable reference to mutable static
   --> src\vmm\vmx.rs:273:5
    |
273 |     HOST_TSS.set_ist(1, stack_top); // IST1 for NMI
    |     ^^^^^^^^^^^^^^^^^^^^^^^^^^^^^^ mutable reference to mutable static
    |
    = note: for more information, see <https://doc.rust-lang.org/edition-guide/rust-2024/static-mut-references.html>
    = note: mutable references to mutable statics are dangerous; it's undefined behavior if any other pointer to the static is used or if any other reference is created for the static while the 
mutable reference lives

warning: creating a mutable reference to mutable static
   --> src\vmm\vmx.rs:274:5
    |
274 |     HOST_TSS.set_ist(2, stack_top); // IST2 for double fault
    |     ^^^^^^^^^^^^^^^^^^^^^^^^^^^^^^ mutable reference to mutable static
    |
    = note: for more information, see <https://doc.rust-lang.org/edition-guide/rust-2024/static-mut-references.html>
    = note: mutable references to mutable statics are dangerous; it's undefined behavior if any other pointer to the static is used or if any other reference is created for the static while the 
mutable reference lives

warning: creating a shared reference to mutable static
   --> src\vmm\vmx.rs:286:40
    |
286 |     let _ = vmwrite(VMCS_HOST_TR_BASE, &HOST_TSS as *const _ as u64);
    |                                        ^^^^^^^^^ shared reference to mutable static
    |
    = note: for more information, see <https://doc.rust-lang.org/edition-guide/rust-2024/static-mut-references.html>
    = note: shared references to mutable statics are dangerous; it's undefined behavior if the static is mutated or if a mutable reference is created for it while the shared reference lives
help: use `&raw const` instead to create a raw pointer
    |
286 |     let _ = vmwrite(VMCS_HOST_TR_BASE, &raw const HOST_TSS as *const _ as u64);
    |                                         +++++++++

warning: creating a shared reference to mutable static
   --> src\vmm\vmx.rs:292:14
    |
292 |     unsafe { &HOST_TSS }
    |              ^^^^^^^^^ shared reference to mutable static
    |
    = note: for more information, see <https://doc.rust-lang.org/edition-guide/rust-2024/static-mut-references.html>
    = note: shared references to mutable statics are dangerous; it's undefined behavior if the static is mutated or if a mutable reference is created for it while the shared reference lives
help: use `&raw const` instead to create a raw pointer
    |
292 |     unsafe { &raw const HOST_TSS }
    |               +++++++++

warning: creating a mutable reference to mutable static
   --> src\vmm\vmx.rs:297:14
    |
297 |     unsafe { &mut HOST_TSS }
    |              ^^^^^^^^^^^^^ mutable reference to mutable static
    |
    = note: for more information, see <https://doc.rust-lang.org/edition-guide/rust-2024/static-mut-references.html>
    = note: mutable references to mutable statics are dangerous; it's undefined behavior if any other pointer to the static is used or if any other reference is created for the static while the 
mutable reference lives
help: use `&raw mut` instead to create a raw pointer
    |
297 |     unsafe { &raw mut HOST_TSS }
    |               +++

warning: creating a shared reference to mutable static
   --> src\vmm\vram_map.rs:347:14
    |
347 |     unsafe { &VRAM_POOL }
    |              ^^^^^^^^^^ shared reference to mutable static
    |
    = note: for more information, see <https://doc.rust-lang.org/edition-guide/rust-2024/static-mut-references.html>
    = note: shared references to mutable statics are dangerous; it's undefined behavior if the static is mutated or if a mutable reference is created for it while the shared reference lives
help: use `&raw const` instead to create a raw pointer
    |
347 |     unsafe { &raw const VRAM_POOL }
    |               +++++++++

warning: creating a mutable reference to mutable static
   --> src\vmm\vram_map.rs:352:14
    |
352 |     unsafe { &mut VRAM_POOL }
    |              ^^^^^^^^^^^^^^ mutable reference to mutable static
    |
    = note: for more information, see <https://doc.rust-lang.org/edition-guide/rust-2024/static-mut-references.html>
    = note: mutable references to mutable statics are dangerous; it's undefined behavior if any other pointer to the static is used or if any other reference is created for the static while the 
mutable reference lives
help: use `&raw mut` instead to create a raw pointer
    |
352 |     unsafe { &raw mut VRAM_POOL }
    |               +++

warning: creating a shared reference to mutable static
   --> src\vmm\vram_map.rs:453:14
    |
453 |     unsafe { &P2P_MANAGER }
    |              ^^^^^^^^^^^^ shared reference to mutable static
    |
    = note: for more information, see <https://doc.rust-lang.org/edition-guide/rust-2024/static-mut-references.html>
    = note: shared references to mutable statics are dangerous; it's undefined behavior if the static is mutated or if a mutable reference is created for it while the shared reference lives
help: use `&raw const` instead to create a raw pointer
    |
453 |     unsafe { &raw const P2P_MANAGER }
    |               +++++++++

warning: creating a mutable reference to mutable static
   --> src\vmm\vram_map.rs:457:14
    |
457 |     unsafe { &mut P2P_MANAGER }
    |              ^^^^^^^^^^^^^^^^ mutable reference to mutable static
    |
    = note: for more information, see <https://doc.rust-lang.org/edition-guide/rust-2024/static-mut-references.html>
    = note: mutable references to mutable statics are dangerous; it's undefined behavior if any other pointer to the static is used or if any other reference is created for the static while the 
mutable reference lives
help: use `&raw mut` instead to create a raw pointer
    |
457 |     unsafe { &raw mut P2P_MANAGER }
    |               +++

warning: creating a shared reference to mutable static
   --> src\vmm\vtd.rs:843:30
    |
843 |     let irte_addr = unsafe { &IRTE as *const InterruptRemappingTable as u64 };
    |                              ^^^^^ shared reference to mutable static
    |
    = note: for more information, see <https://doc.rust-lang.org/edition-guide/rust-2024/static-mut-references.html>
    = note: shared references to mutable statics are dangerous; it's undefined behavior if the static is mutated or if a mutable reference is created for it while the shared reference lives
help: use `&raw const` instead to create a raw pointer
    |
843 |     let irte_addr = unsafe { &raw const IRTE as *const InterruptRemappingTable as u64 };
    |                               +++++++++

warning: comparison is useless due to type limits
   --> src\vmm\microvm.rs:809:17
    |
809 |         assert!(boot_time >= 0);
    |                 ^^^^^^^^^^^^^^
    |
    = note: `#[warn(unused_comparisons)]` on by default

warning: unused `Result` that must be used
   --> src\vmm\hvi.rs:658:17
    |
658 | /                 self.log_event(
659 | |                     hvi_event::INTEGRITY_VIOLATION,
660 | |                     alert_level::CRITICAL,
661 | |                     region.hpa_start.load(Ordering::Acquire),
...   |
664 | |                     i as u32
665 | |                 );
    | |_________________^
    |
    = note: this `Result` may be an `Err` variant, which should be handled
    = note: `#[warn(unused_must_use)]` (part of `#[warn(unused)]`) on by default
help: use `let _ = ...` to ignore the resulting value
    |
658 |                 let _ = self.log_event(
    |                 +++++++

warning: unused `Result` that must be used
   --> src\vmm\hvi.rs:685:17
    |
685 | /                 self.log_event(
686 | |                     hvi_event::CHECK_FAILED,
687 | |                     alert_level::CRITICAL,
688 | |                     check.target_addr.load(Ordering::Acquire),
...   |
691 | |                     i as u32
692 | |                 );
    | |_________________^
    |
    = note: this `Result` may be an `Err` variant, which should be handled
help: use `let _ = ...` to ignore the resulting value
    |
685 |                 let _ = self.log_event(
    |                 +++++++

warning: comparison is useless due to type limits
   --> src\vmm\numamem.rs:902:17
    |
902 |         assert!(migrations >= 0);
    |                 ^^^^^^^^^^^^^^^

warning: unused `Result` that must be used
   --> src\vmm\numaio.rs:573:9
    |
573 |         policy.add_device(device_id);
    |         ^^^^^^^^^^^^^^^^^^^^^^^^^^^^
    |
    = note: this `Result` may be an `Err` variant, which should be handled
help: use `let _ = ...` to ignore the resulting value
    |
573 |         let _ = policy.add_device(device_id);
    |         +++++++

warning: comparison is useless due to type limits
   --> src\vmm\numaio.rs:828:17
    |
828 |         assert!(balanced >= 0);
    |                 ^^^^^^^^^^^^^

warning: `valkyrie_v` (lib test) generated 159 warnings (run `cargo fix --lib -p valkyrie_v --tests` to apply 99 suggestions)
    Finished `test` profile [unoptimized + debuginfo] target(s) in 0.58s
     Running unittests src\lib.rs (target\debug\deps\valkyrie_v-75ba77493b39d708.exe)

running 474 tests
test tests::abi_version_is_nonzero ... ok
test tests::framebuffer_init_and_check ... ok
test tests::null_config_returns_0xff ... ok
test tests::submit_batch_null_returns_zero ... ok
test tests::submit_batch_and_flush_fence_completion_poll ... ok
test tests::submit_batch_unaligned_pointer_is_safe ... ok
test tests::tick_on_uninit_handle_returns_fault ... ok
test tests::init_returns_valid_handle ... ok
test tests::gpu_submit_and_pop_roundtrip ... ok
test vmm::advanced_io::tests::io_pool_init ... FAILED
test vmm::advanced_io::tests::io_submit ... FAILED
test vmm::advanced_io::tests::io_uring_submit ... ok
test vmm::advanced_io::tests::zero_copy_pool ... ok
test tests::net_inject_on_valid_handle ... ok
test vmm::advanced_memory::tests::dedup_register ... ok
test vmm::advanced_memory::tests::huge_page_alloc ... ok
test vmm::advanced_memory::tests::numa_preferred_node ... ok
test vmm::advanced_memory::tests::huge_page_free ... ok
test vmm::advanced_memory::tests::numa_topology ... ok
test vmm::advanced_security::tests::sandbox_profile ... ok
test vmm::advanced_security::tests::seccomp_filter ... ok
test vmm::advanced_security::tests::selinux_context ... ok
test vmm::advanced_security::tests::selinux_permission ... ok
test vmm::apicv::tests::apicv_inject ... ok
test vmm::apicv::tests::posted_interrupt_basic ... ok
test vmm::apicv::tests::virtual_apic_irr ... FAILED
test vmm::apicv::tests::virtual_apic_tpr ... ok
test vmm::atlas::tests::allocate_multi_hugepage ... ok
test vmm::atlas::tests::allocate_multi_returns_err_when_insufficient ... ok
test vmm::atlas::tests::allocate_requires_reserve ... ok
test vmm::atlas::tests::free_multi_hugepage_returns_pages ... ok
test vmm::atlas::tests::has_free_reflects_state ... ok
test vmm::atlas::tests::reserve_then_allocate_succeeds ... ok
test vmm::balloon::tests::balloon_inflate_deflate ... FAILED
test vmm::balloon::tests::balloon_pressure ... FAILED
test vmm::balloon::tests::balloon_respects_limits ... ok
test vmm::balloon_enhanced::tests::adjust_for_pressure ... FAILED
test vmm::balloon_enhanced::tests::deflate_balloon ... ok
test vmm::balloon_enhanced::tests::free_page_hint ... ok
test vmm::balloon_enhanced::tests::inflate_balloon ... ok
test vmm::balloon_enhanced::tests::register_vm ... ok
test vmm::cbt::tests::bitmap_block ... ok
test vmm::cbt::tests::change_region_merge ... ok
test vmm::cbt::tests::bitmap_tracking ... ok
test vmm::cbt::tests::create_snapshot ... ok
test vmm::cbt::tests::incremental_snapshot ... ok
test vmm::cbt::tests::record_write ... ok
test vmm::chase_lev::tests::cache_line_padding_size ... ok
test vmm::cbt::tests::register_vm ... ok
test vmm::chase_lev::tests::deque_empty_operations ... ok
test vmm::chase_lev::tests::deque_mixed_operations ... ok
test vmm::chase_lev::tests::deque_push_pop_many ... ok
test vmm::chase_lev::tests::deque_push_pop_single ... ok
test vmm::chase_lev::tests::deque_steal_fifo ... ok
test vmm::chase_lev::tests::deque_steal_single ... ok
test vmm::chase_lev::tests::scheduler_basic ... ok
test vmm::cloud::tests::cri_create_container ... ok
test vmm::cloud::tests::cri_start_container ... ok
test vmm::cloud::tests::k8s_create_pod ... ok
test vmm::d3d_intercept::tests::d3d11_dispatch_routes_correctly ... ok
test vmm::cloud::tests::k8s_delete_pod ... FAILED
test vmm::d3d_intercept::tests::d3d_state_tracker_dedup ... ok
test vmm::d3d_intercept::tests::hook_table_insert_and_find ... ok
test vmm::d3d_intercept::tests::hook_table_remove_object ... ok
test vmm::d3d_intercept::tests::interceptor_draw_indexed_queues_command ... ok
test vmm::d3d_intercept::tests::interceptor_flush_clears_batch ... ok
test vmm::d3d_intercept::tests::universal_manager_d3d11_draw_indexed ... ok
test vmm::d3d_intercept::tests::universal_manager_d3d12_dispatch ... ok
test vmm::debug::tests::gdb_check_breakpoint ... ok
test vmm::d3d_intercept::tests::universal_manager_d3d9_present_counts_frame ... ok
test vmm::debug::tests::gdb_remove_breakpoint ... ok
test vmm::d3d_intercept::tests::universal_manager_flush_active ... ok
test vmm::debug::tests::gdb_set_breakpoint ... ok
test vmm::debug::tests::pmu_configure ... ok
test vmm::debug::tests::pmu_update ... ok
test vmm::disk_image::tests::disk_builder ... ok
test vmm::disk_image::tests::mbr_partition_entry ... ok
test vmm::dxbc_spirv::tests::dxbc_header_validation ... ok
test vmm::dxbc_spirv::tests::shader_type_from_dxbc ... ok
test vmm::dxbc_spirv::tests::spirv_builder_alloc_id ... ok
test vmm::dxbc_spirv::tests::spirv_builder_capability ... ok
test vmm::dxbc_spirv::tests::spirv_builder_header ... ok
test vmm::dxbc_spirv::tests::translator_pool ... ok
test vmm::enterprise::tests::backup_create ... ok
test vmm::enterprise::tests::backup_schedule ... ok
test vmm::enterprise::tests::audit_log ... ok
test vmm::enterprise::tests::dr_plan ... ok
test vmm::enterprise::tests::compliance_rule ... ok
test vmm::ept::tests::eptp_has_ad_enable_bit ... ok
test vmm::ept::tests::ept_dirty_tracking_4k ... ok
test vmm::ept::tests::map_4k_with_perms_read_only ... ok
test vmm::ept::tests::map_mmio_uses_uc_memtype ... ok
test vmm::ept::tests::set_permissions_changes_rwx ... ok
test vmm::ept::tests::split_2m_to_4k_preserves_mappings ... ok
test vmm::ept::tests::unmap_4k_removes_mapping ... ok
test vmm::ept_cache::tests::cache_hit ... ok
test vmm::ept_cache::tests::handle_violation ... ok
test vmm::ept_cache::tests::prefetch ... ok
test vmm::ept_cache::tests::register_vm ... ok
test vmm::fault_tolerance::tests::checkpoint_create ... FAILED
test vmm::fault_tolerance::tests::checkpoint_delete ... FAILED
test vmm::fault_tolerance::tests::ha_cluster ... ok
test vmm::fault_tolerance::tests::ha_failover ... ok
test vmm::file_backend::tests::file_backend_creation ... ok
test vmm::file_backend::tests::file_backend_with_path ... FAILED
test vmm::game_bridge::tests::bridge_idle_by_default ... ok
test vmm::game_bridge::tests::gpu_ring_push_pop ... ok
test vmm::game_bridge::tests::fetch_transitions_to_fetching ... ok
test vmm::game_bridge::tests::full_receive_triggers_validating ... ok
test vmm::game_bridge::tests::net_inject_reaches_rx_ring ... ok
test vmm::gpu_mem::tests::add_region ... ok
test vmm::game_bridge::tests::nonzero_sig_transitions_to_loading ... ok
test vmm::game_bridge::tests::zero_sig_results_in_fault ... ok
test vmm::gpu_mem::tests::memory_pressure ... FAILED
test vmm::gpu_mem::tests::oversubscription ... ok
test vmm::gpu_mem::tests::page_eviction ... FAILED
test vmm::gpu_mem::tests::page_migration ... ok
test vmm::gpu_mem::tests::register_vm ... ok
test vmm::gpu_mem::tests::translate_address ... ok
test vmm::guest_memory::tests::acpi_madt_has_ioapic_entry ... ok
test vmm::guest_memory::tests::acpi_rsdp_signature_and_checksum ... ok
test vmm::guest_memory::tests::cmdline_constants_valid ... ok
test vmm::guest_memory::tests::facs_signature_and_length ... ok
test vmm::guest_memory::tests::madt_multi_cpu_entries ... ok
test vmm::hvi::tests::access_violation ... ok
test vmm::hvi::tests::add_check ... ok
test vmm::hvi::tests::add_region ... ok
test vmm::hvi::tests::add_watchpoint ... ok
test vmm::hvi::tests::allowed_access ... ok
test vmm::hvi::tests::enable_hvi ... ok
test vmm::hvi::tests::event_logging ... ok
test vmm::hvi::tests::integrity_check ... ok
test vmm::hvi::tests::watchpoint_hit ... ok
test vmm::hypercall::tests::get_features ... ok
test vmm::hypercall::tests::get_vcpu_count ... ok
test vmm::ept_cache::tests::promote_to_large ... FAILED
test vmm::hypercall::tests::nop_hypercall ... ok
test vmm::hypercall::tests::shutdown_hypercall ... ok
test vmm::ioapic::tests::ioapic_redir_read_write ... ok
test vmm::ioapic::tests::ioapic_version_register ... ok
test vmm::ioat_dma::tests::channel_enable ... ok
test vmm::ioat_dma::tests::find_best_channel ... ok
test vmm::ioat_dma::tests::process_completions ... ok
test vmm::ioat_dma::tests::register_channel ... ok
test vmm::ioat_dma::tests::small_transfer_avoided ... ok
test vmm::ioat_dma::tests::submit_memcpy ... ok
test vmm::irq::tests::irq_budget_quarantine ... ok
test vmm::ksm::tests::ksm_enable_disable ... ok
test vmm::ksm::tests::ksm_merge_identical_pages ... ok
test vmm::ksm::tests::ksm_savings ... ok
test vmm::large_page::tests::break_best_candidates ... ok
test vmm::large_page::tests::break_large_page ... ok
test vmm::large_page::tests::calculate_break_score ... ok
test vmm::large_page::tests::reclaim_zero_pages ... ok
test vmm::large_page::tests::register_large_page ... ok
test vmm::live_snap::tests::cancel_snapshot ... ok
test vmm::live_snap::tests::dirty_bitmap ... FAILED
test vmm::live_snap::tests::create_snapshot ... ok
test vmm::live_snap::tests::iteration_threshold ... ok
test vmm::live_snap::tests::precopy_iteration ... ok
test vmm::live_snap::tests::stop_and_copy ... ok
test vmm::live_snap::tests::transfer_progress ... ok
test vmm::manifest::tests::fuzz_manifest_parse_verify ... ok
test vmm::memory_compress::tests::compress_page_to_pool ... ok
test vmm::memory_compress::tests::decompress_from_pool ... FAILED
test vmm::memory_compress::tests::evict_lru ... ok
test vmm::memory_compress::tests::lz4_compress_decompress ... FAILED
test vmm::microvm::tests::add_devices ... FAILED
test vmm::microvm::tests::boot_time_tracking ... ok
test vmm::microvm::tests::configure_kernel ... ok
test vmm::microvm::tests::create_microvm ... ok
test vmm::microvm::tests::pause_resume ... ok
test vmm::migration::tests::dirty_bitmap_basic ... ok
test vmm::microvm::tests::start_stop ... ok
test vmm::migration::tests::dirty_bitmap_clear ... ok
test vmm::migration::tests::migration_cancel ... ok
test vmm::migration::tests::migration_start ... ok
test vmm::migration::tests::postcopy_handler ... ok
test vmm::monitoring::tests::alert_rule ... ok
test vmm::monitoring::tests::counter_increment ... ok
test vmm::monitoring::tests::gauge_set ... ok
test vmm::monitoring::tests::log_write ... ok
test vmm::msi::tests::msi_capability_enable_disable ... ok
test vmm::monitoring::tests::metric_register ... ok
test vmm::msi::tests::msi_capability_message_readback ... ok
test vmm::msi::tests::msi_message_decode_encode_roundtrip ... ok
test vmm::msi::tests::msix_function_mask_blocks_all ... ok
test vmm::msi::tests::msix_masked_vector_returns_none ... ok
test vmm::msi::tests::msix_table_read_write ... ok
test vmm::multiboot2::tests::parse_invalid_header ... ok
test vmm::multiboot2::tests::parse_valid_header ... FAILED
test vmm::multitenant::tests::quota_allocate ... ok
test vmm::multitenant::tests::quota_exceed ... FAILED
test vmm::multitenant::tests::tenant_create ... ok
test vmm::multitenant::tests::tenant_delete ... ok
test vmm::multitenant::tests::tenant_vm ... ok
test vmm::nested::tests::nested_virt_enable ... ok
test vmm::nested::tests::nested_vmcs_basic ... ok
test vmm::nested::tests::nested_vmcs_launch_state ... ok
test vmm::nested::tests::nested_vmx_msrs ... ok
test vmm::nested_virt::tests::nested_vmclear ... ok
test vmm::nested_virt::tests::nested_vmptrld ... ok
test vmm::nested_virt::tests::nested_vmwrite ... ok
test vmm::nested_virt::tests::nested_vmxon ... ok
test vmm::nested_virt::tests::svm_vmrun ... ok
test vmm::numaio::tests::assign_device ... ok
test vmm::numaio::tests::cross_node_tracking ... ok
test vmm::numaio::tests::device_irq ... ok
test vmm::numaio::tests::enable_controller ... ok
test vmm::numaio::tests::find_best_device ... ok
test vmm::numaio::tests::irq_balancing ... ok
test vmm::numaio::tests::record_io ... ok
test vmm::numaio::tests::register_device ... ok
test vmm::numaio::tests::register_vm ... ok
test vmm::numamem::tests::add_cpu ... ok
test vmm::numamem::tests::add_node ... ok
test vmm::numamem::tests::allocate_memory ... ok
test vmm::numamem::tests::auto_balance ... ok
test vmm::numamem::tests::enable_numa ... ok
test vmm::numamem::tests::interleave_policy ... ok
test vmm::numamem::tests::memory_access_tracking ... ok
test vmm::numamem::tests::migrate_memory ... ok
test vmm::numamem::tests::register_vm ... ok
test vmm::numamem::tests::set_distance ... ok
test vmm::nvme::tests::nvme_create_queue ... ok
test vmm::nvme::tests::nvme_enable ... ok
test vmm::nvme::tests::nvme_identify ... ok
test vmm::nvme::tests::nvme_init ... ok
test vmm::nvme::tests::nvme_read_write ... ok
test vmm::pci::tests::pci_disable_bit_returns_all_ones ... ok
test vmm::pci::tests::pci_host_bridge_vendor_device ... ok
test vmm::pci::tests::pci_no_device_returns_all_ones ... ok
test vmm::performance::tests::hot_path_cache ... ok
test vmm::performance::tests::jit_compile ... ok
test vmm::performance::tests::jit_execute ... ok
test vmm::performance::tests::profiler_record ... ok
test vmm::pmu::tests::create_counter ... ok
test vmm::pmu::tests::enable_pmu ... ok
test vmm::pmu::tests::event_group ... ok
test vmm::pmu::tests::overflow_handling ... ok
test vmm::pmu::tests::read_counter ... ok
test vmm::pmu::tests::register_cpu ... ok
test vmm::pmu::tests::sampling ... ok
test vmm::power_mgmt::tests::change_pstate ... ok
test vmm::power_mgmt::tests::cstate_worth_entering ... ok
test vmm::power_mgmt::tests::init_cpu ... ok
test vmm::power_mgmt::tests::ondemand_governor ... ok
test vmm::power_mgmt::tests::set_cstates ... ok
test vmm::power_mgmt::tests::set_pstates ... ok
test vmm::sched_adv::tests::co_scheduling ... ok
test vmm::sched_adv::tests::credit_balance ... FAILED
test vmm::sched_adv::tests::register_vcpu ... ok
test vmm::sched_adv::tests::run_queue ... ok
test vmm::sched_adv::tests::wake_and_schedule ... ok
test vmm::scheduler::tests::test_load_balance_no_migration ... ok
test vmm::scheduler::tests::test_run_queue_enqueue_dequeue ... ok
test vmm::scheduler::tests::test_scheduler_init ... ok
test vmm::scheduler::tests::test_vpid_allocation ... ok
test vmm::secure_boot::tests::measured_boot_init ... ok
test vmm::secure_boot::tests::secure_boot_enable ... ok
test vmm::secure_boot::tests::secure_boot_enroll ... ok
test vmm::secure_boot::tests::tpm_extend_pcr ... ok
test vmm::secure_boot::tests::tpm_measure ... ok
test vmm::shader_translator::tests::decode_empty_dxbc_produces_ret ... ok
test vmm::shader_translator::tests::decode_mul_dxbc ... ok
test vmm::shader_translator::tests::emit_echos_from_ir ... ok
test vmm::shader_translator::tests::emit_spirv_has_magic ... ok
test vmm::shader_translator::tests::shader_cache_hit_miss ... ok
test vmm::soft_raster::tests::depth_buffer_lock_free ... ok
test vmm::soft_raster::tests::execute_shader_add ... ok
test vmm::soft_raster::tests::flush_gpu_queue_processes_fence ... ok
test vmm::soft_raster::tests::init_framebuffer_sets_initialized_flag ... ok
test vmm::soft_raster::tests::pack_rgba_pure_blue ... ok
test vmm::soft_raster::tests::pack_rgba_pure_red ... ok
test vmm::soft_raster::tests::rasterize_triangle_solid_color ... ok
test vmm::soft_raster::tests::work_stealing_queue_push_pop ... ok
test vmm::soft_raster::tests::work_stealing_queue_steal ... ok
test vmm::sriov::tests::sriov_assign_vf ... ok
test vmm::sriov::tests::sriov_enable ... ok
test vmm::sriov::tests::sriov_init ... ok
test vmm::sriov::tests::sriov_release_vf ... ok
test vmm::sriov::tests::sriov_stats ... ok
test vmm::sriov::tests::vf_config ... ok
test vmm::svm::tests::exit_codes_match_spec ... ok
test vmm::svm::tests::intercept_bits ... ok
test vmm::svm::tests::npt_map_2m ... ok
test vmm::svm::tests::npt_map_4k ... ok
test vmm::svm::tests::vmcb_offsets_are_correct ... ok
test vmm::svm::tests::vmcb_page_read_write ... ok
test vmm::svm_handler::tests::cpuid_features ... ok
test vmm::svm_handler::tests::cpuid_svm_features ... ok
test vmm::svm_handler::tests::cpuid_vendor ... ok
test vmm::svm_handler::tests::handler_creation ... ok
test vmm::svm_handler::tests::io_exit_info_decode ... ok
test vmm::svm_handler::tests::io_exit_info_out ... ok
test vmm::svm_handler::tests::msr_apic_base ... ok
test vmm::svm_handler::tests::msr_efer ... ok
test vmm::svm_handler::tests::npt_fault_decode ... ok
test vmm::template::tests::cow_page ... ok
test vmm::template::tests::create_template ... ok
test vmm::template::tests::create_clone ... ok
test vmm::template::tests::delete_clone ... ok
test vmm::template::tests::cow_fault ... ok
test vmm::template::tests::memory_savings ... FAILED
test vmm::tests::async_completion_ring_basic ... ok
test vmm::tests::async_completion_ring_full ... ok
test vmm::tests::block_io_flush_request ... ok
test vmm::tests::block_io_read_request ... ok
test vmm::tests::block_io_ring_push_pop ... ok
test vmm::tests::block_io_write_request ... ok
test vmm::tests::block_request_flush_discard_handling ... ok
test vmm::tests::block_request_type_constants ... ok
test vmm::tests::block_sector_addressing_validation ... ok
test vmm::tests::console_input_ring_push_pop ... ok
test vmm::tests::console_output_ring_push_drain ... ok
test vmm::tests::control_channel_ping ... ok
test vmm::tests::console_tx_descriptor_processing ... ok
test vmm::tests::control_plane_ping ... ok
test vmm::tests::control_plane_telemetry_pop ... ok
test vmm::tests::control_queue_network_commands ... ok
test vmm::tests::desc_chain_max_length_limit ... ok
test vmm::tests::desc_chain_single_descriptor ... ok
test vmm::tests::desc_chain_three_descriptors ... ok
test vmm::tests::dma_sg_block_io_chain ... ok
test vmm::tests::dma_sg_error_handling ... ok
test vmm::tests::dma_sg_read_contiguous ... ok
test vmm::tests::dma_sg_write_scattered ... ok
test vmm::tests::event_idx_optimization ... ok
test vmm::tests::hardware_signature_regression_check ... ok
test vmm::tests::indirect_descriptor_table_processing ... ok
test vmm::tests::interrupt_coalescing_disabled ... ok
test vmm::tests::interrupt_coalescing_threshold ... ok
test vmm::tests::multi_port_console_boundary ... ok
test vmm::tests::multi_port_console_input ... ok
test vmm::tests::multi_port_console_output ... ok
test vmm::tests::net_rx_descriptor_processing ... ok
test vmm::tests::net_rx_empty_descriptor ... ok
test vmm::tests::net_rx_ring_push_pop ... ok
test vmm::tests::net_tx_descriptor_processing ... ok
test vmm::tests::net_tx_frame_parsing ... ok
test vmm::tests::net_tx_ring_push_pop ... ok
test vmm::tests::network_link_status_toggle ... ok
test vmm::tests::network_mac_address_config ... ok
test vmm::tests::recovery_budget_threshold_behaves ... ok
test vmm::tests::snapshot_finalize_restore ... ok
test vmm::tests::snapshot_log_streaming ... ok
test vmm::tests::stress_automation_runs ... ok
test vmm::tests::snapshot_state_save_restore ... ok
test vmm::tests::stress_soak_control_plane ... ok
test vmm::tests::telemetry_export_batch ... ok
test vmm::tests::telemetry_ipc_pump ... ok
test vmm::tests::used_ring_element_write ... ok
test vmm::tests::virtio_backend_processes_queue ... ok
test vmm::tests::virtio_device_status_state_machine ... ok
test vmm::tests::virtio_direct_enable_status ... ok
test vmm::tests::virtio_feature_negotiation ... ok
test vmm::tests::virtio_indirect_desc_feature ... ok
test vmm::tests::virtio_mmio_queue_config ... ok
test vmm::tests::virtio_net_hdr_checksum_offload ... ok
test vmm::tests::virtio_net_hdr_gso_tso_fields ... ok
test vmm::tests::virtio_status_failed_transition ... ok
test vmm::tests::virtio_version_1_feature_bit ... ok
test vmm::tlb::tests::batching ... ok
test vmm::tlb::tests::handle_shootdown ... ok
test vmm::tlb::tests::init_controller ... ok
test vmm::tlb::tests::lazy_shootdown ... ok
test vmm::tlb::tests::pcid_management ... ok
test vmm::tlb::tests::request_shootdown ... ok
test vmm::tlb::tests::single_page_shootdown ... FAILED
test vmm::tps::tests::compute_hash ... ok
test vmm::tps::tests::cow_break ... ok
test vmm::tps::tests::find_shared_page ... ok
test vmm::tps::tests::register_page ... ok
test vmm::tps::tests::sub_page_hashes ... ok
test vmm::tracing::tests::create_map ... ok
test vmm::tps::tests::vm_salt_security ... ok
test vmm::tracing::tests::create_ringbuf ... ok
test vmm::tracing::tests::enable_tracing ... ok
test vmm::tracing::tests::handle_event ... ok
test vmm::tracing::tests::load_program ... ok
test vmm::tracing::tests::map_operations ... ok
test vmm::tracing::tests::register_handler ... ok
test vmm::tracing::tests::ringbuf_push_pop ... ok
test vmm::tun_backend::tests::enqueue_dequeue_rx ... ok
test vmm::tun_backend::tests::enqueue_dequeue_tx ... FAILED
test vmm::tun_backend::tests::tun_backend_creation ... ok
test vmm::ugir::tests::command_batch_push_and_serialise ... ok
test vmm::ugir::tests::delta_state_tracker_only_emits_dirty ... ok
test vmm::ugir::tests::handle_roundtrip ... ok
test vmm::ugir::tests::pipeline_state_size_bound ... ok
test vmm::ugir::tests::resource_arena_alloc_free ... ok
test vmm::vcpu::tests::fpu_state_save_restore_test_mode ... ok
test vmm::vcpu::tests::icr_fixed_delivery_sets_irr ... ok
test vmm::vcpu::tests::per_vcpu_lapic_isolation ... ok
test vmm::vcpu::tests::vcpu_init_sipi_state_machine ... ok
test vmm::vcpu::tests::vcpu_is_bsp_ap ... ok
test vmm::vcpu::tests::vcpu_start_ap_transitions_to_running ... ok
test vmm::vcpu::tests::vcpu_state_broadcast_init_all_excluding_self ... ok
test vmm::vcpu::tests::vcpu_state_dispatch_icr_init_sipi ... ok
test vmm::vfio::tests::gpu_backend_detect_amd ... ok
test vmm::vfio::tests::gpu_backend_detect_fallback ... ok
test vmm::vfio::tests::gpu_backend_detect_nvidia ... ok
test vmm::vfio::tests::gpu_dispatcher_soft_rasterizer_defaults ... ok
test vmm::vfio::tests::gpu_dispatcher_submit_soft_path ... ok
test vmm::vfio::tests::iommu_table_full ... ok
test vmm::vfio::tests::iommu_translate_basic ... ok
test vmm::vfio::tests::nvidia_interrupt_fence_signal ... ok
test vmm::vfio::tests::pcie_device_null_is_invalid ... ok
test vmm::vfio::tests::pcie_device_vendor_detect ... ok
test vmm::vfio::tests::pm4_type3_header_shape ... ok
test vmm::vgpu::tests::create_mig_instance ... ok
test vmm::vgpu::tests::create_vgpu ... ok
test vmm::vgpu::tests::enable_mig ... ok
test vmm::vgpu::tests::register_gpu ... ok
test vmm::vgpu::tests::timeslice ... ok
test vmm::vgpu::tests::vgpu_states ... ok
test vmm::vhost_user::tests::create_device ... ok
test vmm::vhost_user::tests::handle_get_features ... FAILED
test vmm::vhost_user::tests::memory_region ... FAILED
test vmm::vhost_user::tests::vring_enable_disable ... ok
test vmm::vhost_user::tests::vring_state ... ok
test vmm::vhost_user::tests::zero_copy ... ok
test vmm::virtio_block::tests::notify_with_ready_updates_stats ... ok
test vmm::virtio_block::tests::notify_without_ready_does_not_interrupt ... ok
test vmm::virtio_console::tests::invalid_queue_notify_returns_false ... ok
test vmm::virtio_console::tests::notify_requires_queue_ready ... ok
test vmm::virtio_gpu::tests::display_info ... ok
test vmm::virtio_gpu::tests::framebuffer_clear ... ok
test vmm::virtio_gpu::tests::gpu_device_creation ... ok
test vmm::virtio_mmio::tests::queue_notify_triggers_interrupt_when_device_notifies ... ok
test vmm::virtio_mmio::tests::write_64_updates_queue_addresses ... ok
test vmm::virtio_mq::tests::auto_affinity ... ok
test vmm::virtio_mq::tests::create_device ... ok
test vmm::virtio_mq::tests::create_blk_device ... FAILED
test vmm::virtio_mq::tests::create_net_device ... FAILED
test vmm::virtio_mq::tests::packed_queue ... ok
test vmm::virtio_mq::tests::queue_operations ... ok
test vmm::virtio_net::tests::rx_notify_requires_rx_ready ... ok
test vmm::virtio_net::tests::tx_notify_requires_tx_ready ... ok
test vmm::virtio_net_enhanced::tests::net_init ... ok
test vmm::virtio_net_enhanced::tests::net_mac_filter ... ok
test vmm::virtio_net_enhanced::tests::net_queue_pairs ... ok
test vmm::virtio_net_enhanced::tests::net_vlan_filter ... ok
test vmm::virtio_net_enhanced::tests::rss_configure ... ok
test vmm::virtio_net_enhanced::tests::rss_hash ... FAILED
test vmm::virtio_queue::tests::desc_chain_walk_three_elements ... ok
test vmm::virtio_queue::tests::process_pending_calls_handler ... ok
test vmm::virtio_queue::tests::split_virtqueue_avail_used_ring ... ok
test vmm::vmi::tests::add_breakpoint ... ok
test vmm::vmi::tests::breakpoint_hit ... ok
test vmm::vmi::tests::event_queue ... ok
test vmm::vmi::tests::event_subscription ... ok
test vmm::vmi::tests::monitored_region ... FAILED
test vmm::vmi::tests::register_vm ... ok
test vmm::vmi::tests::watchpoint_hit ... ok
test vmm::vmx_handler::tests::matches_bindgen_constants ... ok
test vmm::vmx_handler::tests::rejects_version_mismatch ... ok
test vmm::vmx_handler::tests::validates_bindgen_layout ... ok
test vmm::vram_map::tests::command_ring_wptr ... ok
test vmm::vram_map::tests::fence_manager_alloc ... ok
test vmm::vram_map::tests::fence_manager_ordering ... ok
test vmm::vram_map::tests::fence_manager_signal ... ok
test vmm::vram_map::tests::memory_type_mtrr ... ok
test vmm::vram_map::tests::p2p_window_creation ... ok
test vmm::vram_map::tests::p2p_window_invalidate ... ok
test vmm::vram_map::tests::vram_region_invalid ... ok
test vmm::vtd::tests::cap_decode ... ok
test vmm::vtd::tests::context_entry_layout ... ok
test vmm::vtd::tests::context_entry_passthrough ... ok
test vmm::vtd::tests::domain_id_allocation ... ok
test vmm::vtd::tests::ecap_decode ... ok
test vmm::vtd::tests::irte_entry_layout ... ok
test vmm::vtd::tests::root_entry_layout ... ok
test vmm::vtd::tests::slpt_flags ... ok

failures:

---- vmm::advanced_io::tests::io_pool_init stdout ----

thread 'vmm::advanced_io::tests::io_pool_init' (11424) panicked at src\vmm\advanced_io.rs:825:22:
called `Result::unwrap()` on an `Err` value: LogicalFault
note: run with `RUST_BACKTRACE=1` environment variable to display a backtrace

---- vmm::advanced_io::tests::io_submit stdout ----

thread 'vmm::advanced_io::tests::io_submit' (32516) panicked at src\vmm\advanced_io.rs:833:22:
called `Result::unwrap()` on an `Err` value: LogicalFault

---- vmm::apicv::tests::virtual_apic_irr stdout ----

thread 'vmm::apicv::tests::virtual_apic_irr' (10340) panicked at src\vmm\apicv.rs:439:9:
assertion `left == right` failed
  left: Some(197)
 right: Some(37)

---- vmm::balloon::tests::balloon_inflate_deflate stdout ----

thread 'vmm::balloon::tests::balloon_inflate_deflate' (60564) panicked at src\vmm\balloon.rs:203:29:
called `Result::unwrap()` on an `Err` value: LogicalFault

---- vmm::balloon::tests::balloon_pressure stdout ----

thread 'vmm::balloon::tests::balloon_pressure' (4584) panicked at src\vmm\balloon.rs:229:9:
assertion failed: balloon.target_pages.load(Ordering::Acquire) < before

---- vmm::balloon_enhanced::tests::adjust_for_pressure stdout ----

thread 'vmm::balloon_enhanced::tests::adjust_for_pressure' (48212) panicked at src\vmm\balloon_enhanced.rs:771:9:
assertion failed: adjustments > 0

---- vmm::cloud::tests::k8s_delete_pod stdout ----

thread 'vmm::cloud::tests::k8s_delete_pod' (43568) panicked at src\vmm\cloud.rs:809:9:
assertion failed: k8s.pods[pod_id as usize].deleted.load(Ordering::Acquire) != 0

---- vmm::fault_tolerance::tests::checkpoint_create stdout ----

thread 'vmm::fault_tolerance::tests::checkpoint_create' (19588) panicked at src\vmm\fault_tolerance.rs:724:9:
assertion `left != right` failed
  left: 0
 right: 0

---- vmm::fault_tolerance::tests::checkpoint_delete stdout ----

thread 'vmm::fault_tolerance::tests::checkpoint_delete' (26628) panicked at src\vmm\fault_tolerance.rs:734:25:
called `Result::unwrap()` on an `Err` value: LogicalFault

---- vmm::file_backend::tests::file_backend_with_path stdout ----

thread 'vmm::file_backend::tests::file_backend_with_path' (47840) panicked at src\vmm\file_backend.rs:441:9:
assertion `left == right` failed
  left: [47, 116, 109, 112, 47, 116, 101, 115, 116, 46, 105]
 right: [47, 116, 109, 112, 47, 116, 101, 115, 116, 46]

---- vmm::gpu_mem::tests::memory_pressure stdout ----

thread 'vmm::gpu_mem::tests::memory_pressure' (40536) panicked at src\vmm\gpu_mem.rs:882:50:
called `Result::unwrap()` on an `Err` value: LogicalFault

---- vmm::gpu_mem::tests::page_eviction stdout ----

thread 'vmm::gpu_mem::tests::page_eviction' (12696) panicked at src\vmm\gpu_mem.rs:912:74:
called `Result::unwrap()` on an `Err` value: LogicalFault

---- vmm::ept_cache::tests::promote_to_large stdout ----

thread 'vmm::ept_cache::tests::promote_to_large' (55324) panicked at src\vmm\ept_cache.rs:896:44:
called `Result::unwrap()` on an `Err` value: LogicalFault

---- vmm::live_snap::tests::dirty_bitmap stdout ----

thread 'vmm::live_snap::tests::dirty_bitmap' (15112) panicked at src\vmm\live_snap.rs:896:9:
assertion failed: bitmap.mark_dirty(100)

---- vmm::memory_compress::tests::decompress_from_pool stdout ----

thread 'vmm::memory_compress::tests::decompress_from_pool' (3200) panicked at src\vmm\memory_compress.rs:752:13:
assertion `left == right` failed
  left: 0
 right: 67

---- vmm::memory_compress::tests::lz4_compress_decompress stdout ----

thread 'vmm::memory_compress::tests::lz4_compress_decompress' (39168) panicked at src\vmm\memory_compress.rs:724:9:
assertion `left == right` failed
  left: 2
 right: 4096

---- vmm::microvm::tests::add_devices stdout ----

thread 'vmm::microvm::tests::add_devices' (3208) panicked at src\vmm\microvm.rs:848:9:
assertion failed: instance.device_count.load(Ordering::Acquire) > 3

---- vmm::multiboot2::tests::parse_valid_header stdout ----

thread 'vmm::multiboot2::tests::parse_valid_header' (18080) panicked at src\vmm\multiboot2.rs:492:9:
assertion failed: header.is_some()

---- vmm::multitenant::tests::quota_exceed stdout ----

thread 'vmm::multitenant::tests::quota_exceed' (23364) panicked at src\vmm\multitenant.rs:661:9:
assertion failed: ctrl.allocate_resource(id, resource::MEMORY, 512).is_ok()

---- vmm::sched_adv::tests::credit_balance stdout ----

thread 'vmm::sched_adv::tests::credit_balance' (32380) panicked at src\vmm\sched_adv.rs:1056:9:
assertion failed: c1 > c0

---- vmm::template::tests::memory_savings stdout ----

thread 'vmm::template::tests::memory_savings' (14760) panicked at src\vmm\template.rs:980:45:
called `Result::unwrap()` on an `Err` value: LogicalFault

---- vmm::tlb::tests::single_page_shootdown stdout ----

thread 'vmm::tlb::tests::single_page_shootdown' (38592) panicked at src\vmm\tlb.rs:772:9:
assertion `left == right` failed
  left: 3
 right: 1

---- vmm::tun_backend::tests::enqueue_dequeue_tx stdout ----

thread 'vmm::tun_backend::tests::enqueue_dequeue_tx' (62056) panicked at src\vmm\tun_backend.rs:662:9:
assertion `left == right` failed
  left: 4096
 right: 128

---- vmm::vhost_user::tests::handle_get_features stdout ----

thread 'vmm::vhost_user::tests::handle_get_features' (38288) panicked at src\vmm\vhost_user.rs:832:82:
called `Result::unwrap()` on an `Err` value: LogicalFault

---- vmm::vhost_user::tests::memory_region stdout ----

thread 'vmm::vhost_user::tests::memory_region' (54540) panicked at src\vmm\vhost_user.rs:844:9:
assertion failed: !region.contains(0x2000000)

---- vmm::virtio_mq::tests::create_blk_device stdout ----

thread 'vmm::virtio_mq::tests::create_blk_device' (49600) panicked at src\vmm\virtio_mq.rs:971:47:
called `Result::unwrap()` on an `Err` value: LogicalFault

---- vmm::virtio_mq::tests::create_net_device stdout ----

thread 'vmm::virtio_mq::tests::create_net_device' (32212) panicked at src\vmm\virtio_mq.rs:960:47:
called `Result::unwrap()` on an `Err` value: LogicalFault

---- vmm::virtio_net_enhanced::tests::rss_hash stdout ----

thread 'vmm::virtio_net_enhanced::tests::rss_hash' (55260) panicked at src\vmm\virtio_net_enhanced.rs:693:9:
assertion `left != right` failed
  left: 0
 right: 0

---- vmm::vmi::tests::monitored_region stdout ----

thread 'vmm::vmi::tests::monitored_region' (38732) panicked at src\vmm\vmi.rs:1128:9:
assertion `left == right` failed
  left: 0
 right: 1


failures:
    vmm::advanced_io::tests::io_pool_init
    vmm::advanced_io::tests::io_submit
    vmm::apicv::tests::virtual_apic_irr
    vmm::balloon::tests::balloon_inflate_deflate
    vmm::balloon::tests::balloon_pressure
    vmm::balloon_enhanced::tests::adjust_for_pressure
    vmm::cloud::tests::k8s_delete_pod
    vmm::ept_cache::tests::promote_to_large
    vmm::fault_tolerance::tests::checkpoint_create
    vmm::fault_tolerance::tests::checkpoint_delete
    vmm::file_backend::tests::file_backend_with_path
    vmm::gpu_mem::tests::memory_pressure
    vmm::gpu_mem::tests::page_eviction
    vmm::live_snap::tests::dirty_bitmap
    vmm::memory_compress::tests::decompress_from_pool
    vmm::memory_compress::tests::lz4_compress_decompress
    vmm::microvm::tests::add_devices
    vmm::multiboot2::tests::parse_valid_header
    vmm::multitenant::tests::quota_exceed
    vmm::sched_adv::tests::credit_balance
    vmm::template::tests::memory_savings
error: test failed, to rerun pass `--lib`
    vmm::tlb::tests::single_page_shootdown
    vmm::tun_backend::tests::enqueue_dequeue_tx
    vmm::vhost_user::tests::handle_get_features
    vmm::vhost_user::tests::memory_region
    vmm::virtio_mq::tests::create_blk_device
    vmm::virtio_mq::tests::create_net_device
    vmm::virtio_net_enhanced::tests::rss_hash
    vmm::vmi::tests::monitored_region

test result: FAILED. 445 passed; 29 failed; 0 ignored; 0 measured; 0 filtered out; finished in 0.34s

